00:00 +0: loading D:/Flutterdattsoap/DattSoap-main/DattSoap-main/flutter_app/test/constants/nav_items_rbac_test.dart
00:00 +0: D:/Flutterdattsoap/DattSoap-main/DattSoap-main/flutter_app/test/constants/nav_items_rbac_test.dart: navItemsForRole RBAC filtering legacy roles keep coming-soon, map visibility is capability-scoped
00:00 +1: D:/Flutterdattsoap/DattSoap-main/DattSoap-main/flutter_app/test/constants/nav_items_rbac_test.dart: navItemsForRole RBAC filtering bhatti supervisor sees bhatti workflow and not coming-soon
00:00 +2: D:/Flutterdattsoap/DattSoap-main/DattSoap-main/flutter_app/test/constants/nav_items_rbac_test.dart: navItemsForRole RBAC filtering specialist roles get active navigation roots
00:00 +3: D:/Flutterdattsoap/DattSoap-main/DattSoap-main/flutter_app/test/constants/nav_items_rbac_test.dart: navItemsForRole RBAC filtering dealer manager navigation exposes dealer workflow (top + bottom)
00:00 +4: D:/Flutterdattsoap/DattSoap-main/DattSoap-main/flutter_app/test/constants/nav_items_rbac_test.dart: navItemsForRole RBAC filtering manager management submenu excludes admin-only entries
00:00 +5: D:/Flutterdattsoap/DattSoap-main/DattSoap-main/flutter_app/test/constants/nav_items_rbac_test.dart: navItemsForRole RBAC filtering production nav excludes inventory mutate routes
00:00 +6: D:/Flutterdattsoap/DattSoap-main/DattSoap-main/flutter_app/test/constants/nav_items_rbac_test.dart: navItemsForRole RBAC filtering salesman top navigation does not include reports hub
00:00 +7: D:/Flutterdattsoap/DattSoap-main/DattSoap-main/flutter_app/test/constants/nav_items_rbac_test.dart: navItemsForRole RBAC filtering salesman bottom navigation has no duplicate home/orders links
00:00 +8: D:/Flutterdattsoap/DattSoap-main/DattSoap-main/flutter_app/test/constants/role_access_matrix_test.dart: Role access matrix each role matrix landing path passes layered permission check
00:00 +9: D:/Flutterdattsoap/DattSoap-main/DattSoap-main/flutter_app/test/constants/role_access_matrix_test.dart: Role access matrix all role-visible nav links pass layered permission check
00:00 +10: D:/Flutterdattsoap/DattSoap-main/DattSoap-main/flutter_app/test/constants/role_access_matrix_test.dart: Role access matrix legacy roles keep coming-soon landing; map access is capability-scoped
00:00 +11: D:/Flutterdattsoap/DattSoap-main/DattSoap-main/flutter_app/test/constants/role_access_matrix_test.dart: Role access matrix production/bhatti/fuel/accountant/vehicle roles are active (not legacy)
00:00 +12: D:/Flutterdattsoap/DattSoap-main/DattSoap-main/flutter_app/test/constants/role_access_matrix_test.dart: Role access matrix dealer manager routes are accessible and not locked to coming-soon
00:00 +13: D:/Flutterdattsoap/DattSoap-main/DattSoap-main/flutter_app/test/constants/role_access_matrix_test.dart: Role access matrix production inventory access is explicit and view-only scoped
00:00 +14: D:/Flutterdattsoap/DattSoap-main/DattSoap-main/flutter_app/test/constants/role_access_matrix_test.dart: Role access matrix report access is explicitly enumerated per final role
00:00 +15: D:/Flutterdattsoap/DattSoap-main/DattSoap-main/flutter_app/test/constants/role_access_matrix_test.dart: Role access matrix management formulas capability has explicit edit/delete boundaries
00:01 +16: D:/Flutterdattsoap/DattSoap-main/DattSoap-main/flutter_app/test/data/repositories/customer_repository_test.dart: (setUpAll)
00:01 +16: D:/Flutterdattsoap/DattSoap-main/DattSoap-main/flutter_app/test/data/repositories/customer_repository_test.dart: saveCustomer adds customer and marks as pending
  Skip: Requires Isar native library. Run with --dart-define=RUN_DB_TESTS=true
00:01 +16 ~1: D:/Flutterdattsoap/DattSoap-main/DattSoap-main/flutter_app/test/data/repositories/customer_repository_test.dart: getAllCustomers returns all customers
  Skip: Requires Isar native library. Run with --dart-define=RUN_DB_TESTS=true
00:01 +16 ~2: D:/Flutterdattsoap/DattSoap-main/DattSoap-main/flutter_app/test/data/repositories/customer_repository_test.dart: searchCustomers filters by name
  Skip: Requires Isar native library. Run with --dart-define=RUN_DB_TESTS=true
00:01 +16 ~3: D:/Flutterdattsoap/DattSoap-main/DattSoap-main/flutter_app/test/data/repositories/customer_repository_test.dart: deleteCustomer (soft delete) marks as deleted
  Skip: Requires Isar native library. Run with --dart-define=RUN_DB_TESTS=true
00:01 +16 ~4: D:/Flutterdattsoap/DattSoap-main/DattSoap-main/flutter_app/test/data/repositories/customer_repository_test.dart: (tearDownAll)
00:01 +16 ~4: D:/Flutterdattsoap/DattSoap-main/DattSoap-main/flutter_app/test/data/repositories/dealer_repository_test.dart: (setUpAll)
00:01 +16 ~4: D:/Flutterdattsoap/DattSoap-main/DattSoap-main/flutter_app/test/data/repositories/dealer_repository_test.dart: saveDealer adds dealer and marks as pending
  Skip: Requires Isar native library. Run with --dart-define=RUN_DB_TESTS=true
00:01 +16 ~5: D:/Flutterdattsoap/DattSoap-main/DattSoap-main/flutter_app/test/data/repositories/dealer_repository_test.dart: getAllDealers returns all dealers
  Skip: Requires Isar native library. Run with --dart-define=RUN_DB_TESTS=true
00:01 +16 ~6: D:/Flutterdattsoap/DattSoap-main/DattSoap-main/flutter_app/test/data/repositories/dealer_repository_test.dart: deleteDealer (soft delete) marks as deleted
  Skip: Requires Isar native library. Run with --dart-define=RUN_DB_TESTS=true
00:01 +16 ~7: D:/Flutterdattsoap/DattSoap-main/DattSoap-main/flutter_app/test/data/repositories/dealer_repository_test.dart: (tearDownAll)
00:02 +16 ~7: D:/Flutterdattsoap/DattSoap-main/DattSoap-main/flutter_app/test/domain/engines/inventory_calculation_engine_test.dart: InventoryCalculationEngine calculateStockUsage returns empty list when allocatedStock is empty
00:02 +17 ~7: D:/Flutterdattsoap/DattSoap-main/DattSoap-main/flutter_app/test/domain/engines/inventory_calculation_engine_test.dart: InventoryCalculationEngine calculateStockUsage correctly handles no sales against allocated stock
00:02 +18 ~7: D:/Flutterdattsoap/DattSoap-main/DattSoap-main/flutter_app/test/domain/engines/inventory_calculation_engine_test.dart: InventoryCalculationEngine calculateStockUsage calculates mixed paid/free sales correctly
00:02 +19 ~7: D:/Flutterdattsoap/DattSoap-main/DattSoap-main/flutter_app/test/domain/engines/inventory_calculation_engine_test.dart: InventoryCalculationEngine calculateStockUsage filters out non-customer sales (e.g., dealer)
00:02 +20 ~7: D:/Flutterdattsoap/DattSoap-main/DattSoap-main/flutter_app/test/domain/engines/inventory_calculation_engine_test.dart: InventoryCalculationEngine calculateStockUsage tracks lastSaleDate as the most recent sale date
00:02 +21 ~7: D:/Flutterdattsoap/DattSoap-main/DattSoap-main/flutter_app/test/domain/engines/inventory_calculation_engine_test.dart: InventoryCalculationEngine calculateReconciliationDiffs detects positive and negative adjustments
00:02 +22 ~7: D:/Flutterdattsoap/DattSoap-main/DattSoap-main/flutter_app/test/domain/engines/inventory_calculation_engine_test.dart: InventoryCalculationEngine calculateReconciliationDiffs ignores differences within floating-point tolerance
00:02 +23 ~7: D:/Flutterdattsoap/DattSoap-main/DattSoap-main/flutter_app/test/domain/engines/inventory_calculation_engine_test.dart: InventoryCalculationEngine calculateReconciliationDiffs skips products not found in currentStockMap
00:02 +24 ~7: D:/Flutterdattsoap/DattSoap-main/DattSoap-main/flutter_app/test/domain/engines/inventory_calculation_engine_test.dart: InventoryCalculationEngine calculateReconciliationDiffs detects exact match as zero diff (no adjustment)
00:02 +25 ~7: D:/Flutterdattsoap/DattSoap-main/DattSoap-main/flutter_app/test/domain/engines/sale_calculation_engine_test.dart: SaleCalculationEngine calculates pure sale with no discounts or taxes
00:02 +26 ~7: D:/Flutterdattsoap/DattSoap-main/DattSoap-main/flutter_app/test/domain/engines/sale_calculation_engine_test.dart: SaleCalculationEngine allocates proportional values correctly
00:02 +27 ~7: D:/Flutterdattsoap/DattSoap-main/DattSoap-main/flutter_app/test/domain/engines/sale_calculation_engine_test.dart: SaleCalculationEngine calculates CGST+SGST correctly
00:02 +28 ~7: D:/Flutterdattsoap/DattSoap-main/DattSoap-main/flutter_app/test/domain/engines/sale_calculation_engine_test.dart: SaleCalculationEngine calculates IGST with discount correctly
00:02 +29 ~7: D:/Flutterdattsoap/DattSoap-main/DattSoap-main/flutter_app/test/domain/engines/sale_calculation_engine_test.dart: SaleCalculationEngine calculates free items as 0 value
00:03 +30 ~7: D:/Flutterdattsoap/DattSoap-main/DattSoap-main/flutter_app/test/integration/gps_summary_listener_lifecycle_test.dart: summary listeners stay stable across repeated tab switches
00:03 +30 ~7: D:/Flutterdattsoap/DattSoap-main/DattSoap-main/flutter_app/test/integration/sprint1_data_integrity_hotfix_test.dart: maintenance log add normalizes empty ID and queues same ID to outbox
  Skip: Requires Isar native library. Run with --dart-define=RUN_DB_TESTS=true
00:03 +30 ~8: D:/Flutterdattsoap/DattSoap-main/DattSoap-main/flutter_app/test/integration/gps_summary_listener_lifecycle_test.dart: summary listeners stay stable across repeated tab switches
00:03 +30 ~8: D:/Flutterdattsoap/DattSoap-main/DattSoap-main/flutter_app/test/integration/sprint1_data_integrity_hotfix_test.dart: sales rollback keeps stock and customer balance unchanged on failure
  Skip: Requires Isar native library. Run with --dart-define=RUN_DB_TESTS=true
00:03 +30 ~9: D:/Flutterdattsoap/DattSoap-main/DattSoap-main/flutter_app/test/integration/gps_summary_listener_lifecycle_test.dart: summary listeners stay stable across repeated tab switches
00:03 +30 ~9: D:/Flutterdattsoap/DattSoap-main/DattSoap-main/flutter_app/test/integration/sprint1_data_integrity_hotfix_test.dart: PO receive rejects invalid incoming quantities (non-positive, unknown, over-receipt)
  Skip: Requires Isar native library. Run with --dart-define=RUN_DB_TESTS=true
00:03 +30 ~10: D:/Flutterdattsoap/DattSoap-main/DattSoap-main/flutter_app/test/integration/gps_summary_listener_lifecycle_test.dart: summary listeners stay stable across repeated tab switches
00:03 +30 ~10: D:/Flutterdattsoap/DattSoap-main/DattSoap-main/flutter_app/test/integration/sprint1_data_integrity_hotfix_test.dart: PO update queues deterministic id in sync payload
  Skip: Requires Isar native library. Run with --dart-define=RUN_DB_TESTS=true
00:03 +30 ~11: D:/Flutterdattsoap/DattSoap-main/DattSoap-main/flutter_app/test/integration/gps_summary_listener_lifecycle_test.dart: summary listeners stay stable across repeated tab switches
00:03 +30 ~11: D:/Flutterdattsoap/DattSoap-main/DattSoap-main/flutter_app/test/integration/sprint1_data_integrity_hotfix_test.dart: PO partial receive then full receive closes order as received
  Skip: Requires Isar native library. Run with --dart-define=RUN_DB_TESTS=true
00:03 +30 ~12: D:/Flutterdattsoap/DattSoap-main/DattSoap-main/flutter_app/test/integration/gps_summary_listener_lifecycle_test.dart: summary listeners stay stable across repeated tab switches
00:03 +30 ~12: D:/Flutterdattsoap/DattSoap-main/DattSoap-main/flutter_app/test/integration/sprint1_data_integrity_hotfix_test.dart: PO receive replay with same payload is idempotent for stock and received qty
  Skip: Requires Isar native library. Run with --dart-define=RUN_DB_TESTS=true
00:03 +30 ~13: D:/Flutterdattsoap/DattSoap-main/DattSoap-main/flutter_app/test/integration/gps_summary_listener_lifecycle_test.dart: summary listeners stay stable across repeated tab switches
00:03 +30 ~13: D:/Flutterdattsoap/DattSoap-main/DattSoap-main/flutter_app/test/integration/sprint1_data_integrity_hotfix_test.dart: PO stores supplier invoice reference fields as metadata only
  Skip: Requires Isar native library. Run with --dart-define=RUN_DB_TESTS=true
00:03 +30 ~14: D:/Flutterdattsoap/DattSoap-main/DattSoap-main/flutter_app/test/integration/gps_summary_listener_lifecycle_test.dart: summary listeners stay stable across repeated tab switches
00:03 +30 ~14: D:/Flutterdattsoap/DattSoap-main/DattSoap-main/flutter_app/test/integration/sprint1_data_integrity_hotfix_test.dart: dispatch ID uses full epoch plus random suffix format
  Skip: Requires Isar native library. Run with --dart-define=RUN_DB_TESTS=true
00:03 +30 ~15: D:/Flutterdattsoap/DattSoap-main/DattSoap-main/flutter_app/test/integration/gps_summary_listener_lifecycle_test.dart: summary listeners stay stable across repeated tab switches
00:03 +30 ~15: D:/Flutterdattsoap/DattSoap-main/DattSoap-main/flutter_app/test/integration/sprint1_data_integrity_hotfix_test.dart: production log uses same issueId in local record and outbox payload
  Skip: Requires Isar native library. Run with --dart-define=RUN_DB_TESTS=true
00:03 +30 ~16: D:/Flutterdattsoap/DattSoap-main/DattSoap-main/flutter_app/test/integration/gps_summary_listener_lifecycle_test.dart: summary listeners stay stable across repeated tab switches
00:04 +30 ~16: D:/Flutterdattsoap/DattSoap-main/DattSoap-main/flutter_app/test/integration/sprint2_offline_stability_financial_accuracy_test.dart: PO receive strict-mode failure triggers rollback and restores local stock/PO snapshot
  Skip: Requires Isar native library. Run with --dart-define=RUN_DB_TESTS=true
00:04 +30 ~17: D:/Flutterdattsoap/DattSoap-main/DattSoap-main/flutter_app/test/integration/gps_summary_listener_lifecycle_test.dart: summary listeners stay stable across repeated tab switches
00:04 +30 ~17: D:/Flutterdattsoap/DattSoap-main/DattSoap-main/flutter_app/test/integration/sprint2_offline_stability_financial_accuracy_test.dart: sale cancel rollback restores direct-sale warehouse stock and marks sale cancelled
  Skip: Requires Isar native library. Run with --dart-define=RUN_DB_TESTS=true
00:04 +30 ~18: D:/Flutterdattsoap/DattSoap-main/DattSoap-main/flutter_app/test/integration/gps_summary_listener_lifecycle_test.dart: summary listeners stay stable across repeated tab switches
00:05 +30 ~18: D:/Flutterdattsoap/DattSoap-main/DattSoap-main/flutter_app/test/integration/sprint3_core_lifecycle_rbac_test.dart: purchase lifecycle create -> receive -> rollback preserves last consistent state
  Skip: Requires Isar native library. Run with --dart-define=RUN_DB_TESTS=true
00:05 +30 ~19: D:/Flutterdattsoap/DattSoap-main/DattSoap-main/flutter_app/test/integration/gps_summary_listener_lifecycle_test.dart: summary listeners stay stable across repeated tab switches
00:05 +30 ~19: D:/Flutterdattsoap/DattSoap-main/DattSoap-main/flutter_app/test/integration/sprint3_core_lifecycle_rbac_test.dart: dispatch lifecycle keeps stock, ledger, and outbox consistent
  Skip: Requires Isar native library. Run with --dart-define=RUN_DB_TESTS=true
00:05 +30 ~20: D:/Flutterdattsoap/DattSoap-main/DattSoap-main/flutter_app/test/integration/gps_summary_listener_lifecycle_test.dart: summary listeners stay stable across repeated tab switches
00:05 +30 ~20: D:/Flutterdattsoap/DattSoap-main/DattSoap-main/flutter_app/test/integration/sprint3_core_lifecycle_rbac_test.dart: production batch lifecycle applies stock movements atomically
  Skip: Requires Isar native library. Run with --dart-define=RUN_DB_TESTS=true
00:05 +30 ~21: D:/Flutterdattsoap/DattSoap-main/DattSoap-main/flutter_app/test/integration/gps_summary_listener_lifecycle_test.dart: summary listeners stay stable across repeated tab switches
00:05 +30 ~21: D:/Flutterdattsoap/DattSoap-main/DattSoap-main/flutter_app/test/integration/sprint3_core_lifecycle_rbac_test.dart: sale cancel rollback is symmetric for stock and customer balance
  Skip: Requires Isar native library. Run with --dart-define=RUN_DB_TESTS=true
00:05 +30 ~22: D:/Flutterdattsoap/DattSoap-main/DattSoap-main/flutter_app/test/integration/gps_summary_listener_lifecycle_test.dart: summary listeners stay stable across repeated tab switches
00:05 +30 ~22: D:/Flutterdattsoap/DattSoap-main/DattSoap-main/flutter_app/test/integration/sprint3_core_lifecycle_rbac_test.dart: vehicle maintenance sync consistency keeps aggregate and outbox aligned
  Skip: Requires Isar native library. Run with --dart-define=RUN_DB_TESTS=true
00:05 +30 ~23: D:/Flutterdattsoap/DattSoap-main/DattSoap-main/flutter_app/test/integration/gps_summary_listener_lifecycle_test.dart: summary listeners stay stable across repeated tab switches
00:05 +30 ~23: D:/Flutterdattsoap/DattSoap-main/DattSoap-main/flutter_app/test/integration/sprint3_core_lifecycle_rbac_test.dart: rbac route protection follows frozen final role policy
  Skip: Requires Isar native library. Run with --dart-define=RUN_DB_TESTS=true
00:05 +30 ~24: D:/Flutterdattsoap/DattSoap-main/DattSoap-main/flutter_app/test/integration/gps_summary_listener_lifecycle_test.dart: summary listeners stay stable across repeated tab switches
00:06 +30 ~24: D:/Flutterdattsoap/DattSoap-main/DattSoap-main/flutter_app/test/integration/t10_lifecycle_simulation_test.dart: T10 Lifecycle Simulation Full lifecycle: 9 steps with reconciliation verification
  Skip: Requires Isar native library. Run with --dart-define=RUN_DB_TESTS=true
00:06 +30 ~25: D:/Flutterdattsoap/DattSoap-main/DattSoap-main/flutter_app/test/integration/gps_summary_listener_lifecycle_test.dart: summary listeners stay stable across repeated tab switches
00:06 +30 ~25: D:/Flutterdattsoap/DattSoap-main/DattSoap-main/flutter_app/test/integration/t10_lifecycle_simulation_test.dart: T10 Lifecycle Simulation Offline simulation: outbox queue and sync
  Skip: Requires Isar native library. Run with --dart-define=RUN_DB_TESTS=true
00:06 +30 ~26: D:/Flutterdattsoap/DattSoap-main/DattSoap-main/flutter_app/test/integration/gps_summary_listener_lifecycle_test.dart: summary listeners stay stable across repeated tab switches
00:06 +30 ~26: D:/Flutterdattsoap/DattSoap-main/DattSoap-main/flutter_app/test/integration/t10_lifecycle_simulation_test.dart: T10 Lifecycle Simulation Replay test: idempotency verification
  Skip: Requires Isar native library. Run with --dart-define=RUN_DB_TESTS=true
00:06 +30 ~27: D:/Flutterdattsoap/DattSoap-main/DattSoap-main/flutter_app/test/integration/gps_summary_listener_lifecycle_test.dart: summary listeners stay stable across repeated tab switches
00:06 +30 ~27: D:/Flutterdattsoap/DattSoap-main/DattSoap-main/flutter_app/test/integration/t10_reconciliation_service_test.dart: T10 ReconciliationService Tests Clean report when no data exists
  Skip: Requires Isar native library. Run with --dart-define=RUN_DB_TESTS=true
00:06 +30 ~28: D:/Flutterdattsoap/DattSoap-main/DattSoap-main/flutter_app/test/integration/gps_summary_listener_lifecycle_test.dart: summary listeners stay stable across repeated tab switches
00:06 +30 ~28: D:/Flutterdattsoap/DattSoap-main/DattSoap-main/flutter_app/test/integration/t10_reconciliation_service_test.dart: T10 ReconciliationService Tests Detects warehouse mismatch
  Skip: Requires Isar native library. Run with --dart-define=RUN_DB_TESTS=true
00:06 +30 ~29: D:/Flutterdattsoap/DattSoap-main/DattSoap-main/flutter_app/test/integration/gps_summary_listener_lifecycle_test.dart: summary listeners stay stable across repeated tab switches
00:06 +30 ~29: D:/Flutterdattsoap/DattSoap-main/DattSoap-main/flutter_app/test/integration/t10_reconciliation_service_test.dart: T10 ReconciliationService Tests Detects salesman mismatch
  Skip: Requires Isar native library. Run with --dart-define=RUN_DB_TESTS=true
00:06 +30 ~30: D:/Flutterdattsoap/DattSoap-main/DattSoap-main/flutter_app/test/integration/gps_summary_listener_lifecycle_test.dart: summary listeners stay stable across repeated tab switches
00:06 +30 ~30: D:/Flutterdattsoap/DattSoap-main/DattSoap-main/flutter_app/test/integration/t10_reconciliation_service_test.dart: T10 ReconciliationService Tests Detects stuck queue items
  Skip: Requires Isar native library. Run with --dart-define=RUN_DB_TESTS=true
00:06 +30 ~31: D:/Flutterdattsoap/DattSoap-main/DattSoap-main/flutter_app/test/integration/gps_summary_listener_lifecycle_test.dart: summary listeners stay stable across repeated tab switches
00:06 +30 ~31: D:/Flutterdattsoap/DattSoap-main/DattSoap-main/flutter_app/test/integration/t10_reconciliation_service_test.dart: T10 ReconciliationService Tests Detects duplicate movements
  Skip: Requires Isar native library. Run with --dart-define=RUN_DB_TESTS=true
00:06 +30 ~32: D:/Flutterdattsoap/DattSoap-main/DattSoap-main/flutter_app/test/integration/gps_summary_listener_lifecycle_test.dart: summary listeners stay stable across repeated tab switches
00:06 +30 ~32: D:/Flutterdattsoap/DattSoap-main/DattSoap-main/flutter_app/test/integration/t10_reconciliation_service_test.dart: T10 ReconciliationService Tests Clean report when everything matches
  Skip: Requires Isar native library. Run with --dart-define=RUN_DB_TESTS=true
00:06 +30 ~33: D:/Flutterdattsoap/DattSoap-main/DattSoap-main/flutter_app/test/integration/gps_summary_listener_lifecycle_test.dart: summary listeners stay stable across repeated tab switches
[38;5;12mΓöîΓöÇΓöÇΓöÇΓöÇΓöÇΓöÇΓöÇΓöÇΓöÇΓöÇΓöÇΓöÇΓöÇΓöÇΓöÇΓöÇΓöÇΓöÇΓöÇΓöÇΓöÇΓöÇΓöÇΓöÇΓöÇΓöÇΓöÇΓöÇΓöÇΓöÇΓöÇΓöÇΓöÇΓöÇΓöÇΓöÇΓöÇΓöÇΓöÇΓöÇΓöÇΓöÇΓöÇΓöÇΓöÇΓöÇΓöÇΓöÇΓöÇΓöÇΓöÇΓöÇΓöÇΓöÇΓöÇΓöÇΓöÇΓöÇΓöÇΓöÇΓöÇΓöÇΓöÇΓöÇΓöÇΓöÇΓöÇΓöÇΓöÇΓöÇΓöÇΓöÇΓöÇΓöÇΓöÇΓöÇΓöÇΓöÇΓöÇΓöÇΓöÇΓöÇΓöÇΓöÇΓöÇΓöÇΓöÇΓöÇΓöÇΓöÇΓöÇΓöÇΓöÇΓöÇΓöÇΓöÇΓöÇΓöÇΓöÇΓöÇΓöÇΓöÇΓöÇΓöÇΓöÇΓöÇΓöÇΓöÇΓöÇΓöÇΓöÇΓöÇΓöÇΓöÇΓöÇΓöÇΓöÇΓöÇΓöÇ[0m
[38;5;12mΓöé ≡ƒÆí [1m[3mflutter_map[0m[0m
[38;5;12mΓöé ≡ƒÆí flutter_map wants to help keep map data available for everyone.[0m
[38;5;12mΓöé ≡ƒÆí We use the OpenStreetMap public tile servers in our code examples & demo app,[0m
[38;5;12mΓöé ≡ƒÆí but they are NOT free to use by everyone. Please review whether OSM's tile[0m
[38;5;12mΓöé ≡ƒÆí servers are appropriate and the best choice for your app.[0m
[38;5;12mΓöé ≡ƒÆí See:[0m
[38;5;12mΓöé ≡ƒÆí  * https://operations.osmfoundation.org/policies/tiles (OSM Tile Usage Policy)[0m
[38;5;12mΓöé ≡ƒÆí  * https://docs.fleaflet.dev/osm-warn for more information about this warning[0m
[38;5;12mΓööΓöÇΓöÇΓöÇΓöÇΓöÇΓöÇΓöÇΓöÇΓöÇΓöÇΓöÇΓöÇΓöÇΓöÇΓöÇΓöÇΓöÇΓöÇΓöÇΓöÇΓöÇΓöÇΓöÇΓöÇΓöÇΓöÇΓöÇΓöÇΓöÇΓöÇΓöÇΓöÇΓöÇΓöÇΓöÇΓöÇΓöÇΓöÇΓöÇΓöÇΓöÇΓöÇΓöÇΓöÇΓöÇΓöÇΓöÇΓöÇΓöÇΓöÇΓöÇΓöÇΓöÇΓöÇΓöÇΓöÇΓöÇΓöÇΓöÇΓöÇΓöÇΓöÇΓöÇΓöÇΓöÇΓöÇΓöÇΓöÇΓöÇΓöÇΓöÇΓöÇΓöÇΓöÇΓöÇΓöÇΓöÇΓöÇΓöÇΓöÇΓöÇΓöÇΓöÇΓöÇΓöÇΓöÇΓöÇΓöÇΓöÇΓöÇΓöÇΓöÇΓöÇΓöÇΓöÇΓöÇΓöÇΓöÇΓöÇΓöÇΓöÇΓöÇΓöÇΓöÇΓöÇΓöÇΓöÇΓöÇΓöÇΓöÇΓöÇΓöÇΓöÇΓöÇΓöÇΓöÇΓöÇΓöÇΓöÇ[0m
[38;5;12mΓöîΓöÇΓöÇΓöÇΓöÇΓöÇΓöÇΓöÇΓöÇΓöÇΓöÇΓöÇΓöÇΓöÇΓöÇΓöÇΓöÇΓöÇΓöÇΓöÇΓöÇΓöÇΓöÇΓöÇΓöÇΓöÇΓöÇΓöÇΓöÇΓöÇΓöÇΓöÇΓöÇΓöÇΓöÇΓöÇΓöÇΓöÇΓöÇΓöÇΓöÇΓöÇΓöÇΓöÇΓöÇΓöÇΓöÇΓöÇΓöÇΓöÇΓöÇΓöÇΓöÇΓöÇΓöÇΓöÇΓöÇΓöÇΓöÇΓöÇΓöÇΓöÇΓöÇΓöÇΓöÇΓöÇΓöÇΓöÇΓöÇΓöÇΓöÇΓöÇΓöÇΓöÇΓöÇΓöÇΓöÇΓöÇΓöÇΓöÇΓöÇΓöÇΓöÇΓöÇΓöÇΓöÇΓöÇΓöÇΓöÇΓöÇΓöÇΓöÇΓöÇΓöÇΓöÇΓöÇΓöÇΓöÇΓöÇΓöÇΓöÇΓöÇΓöÇΓöÇΓöÇΓöÇΓöÇΓöÇΓöÇΓöÇΓöÇΓöÇΓöÇΓöÇΓöÇΓöÇΓöÇΓöÇΓöÇΓöÇ[0m
[38;5;12mΓöé ≡ƒÆí [1m[3mflutter_map[0m[0m
[38;5;12mΓöé ≡ƒÆí flutter_map wants to help keep map data available for everyone.[0m
[38;5;12mΓöé ≡ƒÆí We use the OpenStreetMap public tile servers in our code examples & demo app,[0m
[38;5;12mΓöé ≡ƒÆí but they are NOT free to use by everyone. Please review whether OSM's tile[0m
[38;5;12mΓöé ≡ƒÆí servers are appropriate and the best choice for your app.[0m
[38;5;12mΓöé ≡ƒÆí See:[0m
[38;5;12mΓöé ≡ƒÆí  * https://operations.osmfoundation.org/policies/tiles (OSM Tile Usage Policy)[0m
[38;5;12mΓöé ≡ƒÆí  * https://docs.fleaflet.dev/osm-warn for more information about this warning[0m
[38;5;12mΓööΓöÇΓöÇΓöÇΓöÇΓöÇΓöÇΓöÇΓöÇΓöÇΓöÇΓöÇΓöÇΓöÇΓöÇΓöÇΓöÇΓöÇΓöÇΓöÇΓöÇΓöÇΓöÇΓöÇΓöÇΓöÇΓöÇΓöÇΓöÇΓöÇΓöÇΓöÇΓöÇΓöÇΓöÇΓöÇΓöÇΓöÇΓöÇΓöÇΓöÇΓöÇΓöÇΓöÇΓöÇΓöÇΓöÇΓöÇΓöÇΓöÇΓöÇΓöÇΓöÇΓöÇΓöÇΓöÇΓöÇΓöÇΓöÇΓöÇΓöÇΓöÇΓöÇΓöÇΓöÇΓöÇΓöÇΓöÇΓöÇΓöÇΓöÇΓöÇΓöÇΓöÇΓöÇΓöÇΓöÇΓöÇΓöÇΓöÇΓöÇΓöÇΓöÇΓöÇΓöÇΓöÇΓöÇΓöÇΓöÇΓöÇΓöÇΓöÇΓöÇΓöÇΓöÇΓöÇΓöÇΓöÇΓöÇΓöÇΓöÇΓöÇΓöÇΓöÇΓöÇΓöÇΓöÇΓöÇΓöÇΓöÇΓöÇΓöÇΓöÇΓöÇΓöÇΓöÇΓöÇΓöÇΓöÇΓöÇ[0m
[38;5;12mΓöîΓöÇΓöÇΓöÇΓöÇΓöÇΓöÇΓöÇΓöÇΓöÇΓöÇΓöÇΓöÇΓöÇΓöÇΓöÇΓöÇΓöÇΓöÇΓöÇΓöÇΓöÇΓöÇΓöÇΓöÇΓöÇΓöÇΓöÇΓöÇΓöÇΓöÇΓöÇΓöÇΓöÇΓöÇΓöÇΓöÇΓöÇΓöÇΓöÇΓöÇΓöÇΓöÇΓöÇΓöÇΓöÇΓöÇΓöÇΓöÇΓöÇΓöÇΓöÇΓöÇΓöÇΓöÇΓöÇΓöÇΓöÇΓöÇΓöÇΓöÇΓöÇΓöÇΓöÇΓöÇΓöÇΓöÇΓöÇΓöÇΓöÇΓöÇΓöÇΓöÇΓöÇΓöÇΓöÇΓöÇΓöÇΓöÇΓöÇΓöÇΓöÇΓöÇΓöÇΓöÇΓöÇΓöÇΓöÇΓöÇΓöÇΓöÇΓöÇΓöÇΓöÇΓöÇΓöÇΓöÇΓöÇΓöÇΓöÇΓöÇΓöÇΓöÇΓöÇΓöÇΓöÇΓöÇΓöÇΓöÇΓöÇΓöÇΓöÇΓöÇΓöÇΓöÇΓöÇΓöÇΓöÇΓöÇΓöÇ[0m
[38;5;12mΓöé ≡ƒÆí [1m[3mflutter_map[0m[0m
[38;5;12mΓöé ≡ƒÆí flutter_map wants to help keep map data available for everyone.[0m
[38;5;12mΓöé ≡ƒÆí We use the OpenStreetMap public tile servers in our code examples & demo app,[0m
[38;5;12mΓöé ≡ƒÆí but they are NOT free to use by everyone. Please review whether OSM's tile[0m
[38;5;12mΓöé ≡ƒÆí servers are appropriate and the best choice for your app.[0m
[38;5;12mΓöé ≡ƒÆí See:[0m
[38;5;12mΓöé ≡ƒÆí  * https://operations.osmfoundation.org/policies/tiles (OSM Tile Usage Policy)[0m
[38;5;12mΓöé ≡ƒÆí  * https://docs.fleaflet.dev/osm-warn for more information about this warning[0m
[38;5;12mΓööΓöÇΓöÇΓöÇΓöÇΓöÇΓöÇΓöÇΓöÇΓöÇΓöÇΓöÇΓöÇΓöÇΓöÇΓöÇΓöÇΓöÇΓöÇΓöÇΓöÇΓöÇΓöÇΓöÇΓöÇΓöÇΓöÇΓöÇΓöÇΓöÇΓöÇΓöÇΓöÇΓöÇΓöÇΓöÇΓöÇΓöÇΓöÇΓöÇΓöÇΓöÇΓöÇΓöÇΓöÇΓöÇΓöÇΓöÇΓöÇΓöÇΓöÇΓöÇΓöÇΓöÇΓöÇΓöÇΓöÇΓöÇΓöÇΓöÇΓöÇΓöÇΓöÇΓöÇΓöÇΓöÇΓöÇΓöÇΓöÇΓöÇΓöÇΓöÇΓöÇΓöÇΓöÇΓöÇΓöÇΓöÇΓöÇΓöÇΓöÇΓöÇΓöÇΓöÇΓöÇΓöÇΓöÇΓöÇΓöÇΓöÇΓöÇΓöÇΓöÇΓöÇΓöÇΓöÇΓöÇΓöÇΓöÇΓöÇΓöÇΓöÇΓöÇΓöÇΓöÇΓöÇΓöÇΓöÇΓöÇΓöÇΓöÇΓöÇΓöÇΓöÇΓöÇΓöÇΓöÇΓöÇΓöÇΓöÇ[0m
[38;5;12mΓöîΓöÇΓöÇΓöÇΓöÇΓöÇΓöÇΓöÇΓöÇΓöÇΓöÇΓöÇΓöÇΓöÇΓöÇΓöÇΓöÇΓöÇΓöÇΓöÇΓöÇΓöÇΓöÇΓöÇΓöÇΓöÇΓöÇΓöÇΓöÇΓöÇΓöÇΓöÇΓöÇΓöÇΓöÇΓöÇΓöÇΓöÇΓöÇΓöÇΓöÇΓöÇΓöÇΓöÇΓöÇΓöÇΓöÇΓöÇΓöÇΓöÇΓöÇΓöÇΓöÇΓöÇΓöÇΓöÇΓöÇΓöÇΓöÇΓöÇΓöÇΓöÇΓöÇΓöÇΓöÇΓöÇΓöÇΓöÇΓöÇΓöÇΓöÇΓöÇΓöÇΓöÇΓöÇΓöÇΓöÇΓöÇΓöÇΓöÇΓöÇΓöÇΓöÇΓöÇΓöÇΓöÇΓöÇΓöÇΓöÇΓöÇΓöÇΓöÇΓöÇΓöÇΓöÇΓöÇΓöÇΓöÇΓöÇΓöÇΓöÇΓöÇΓöÇΓöÇΓöÇΓöÇΓöÇΓöÇΓöÇΓöÇΓöÇΓöÇΓöÇΓöÇΓöÇΓöÇΓöÇΓöÇΓöÇΓöÇ[0m
[38;5;12mΓöé ≡ƒÆí [1m[3mflutter_map[0m[0m
[38;5;12mΓöé ≡ƒÆí flutter_map wants to help keep map data available for everyone.[0m
[38;5;12mΓöé ≡ƒÆí We use the OpenStreetMap public tile servers in our code examples & demo app,[0m
[38;5;12mΓöé ≡ƒÆí but they are NOT free to use by everyone. Please review whether OSM's tile[0m
[38;5;12mΓöé ≡ƒÆí servers are appropriate and the best choice for your app.[0m
[38;5;12mΓöé ≡ƒÆí See:[0m
[38;5;12mΓöé ≡ƒÆí  * https://operations.osmfoundation.org/policies/tiles (OSM Tile Usage Policy)[0m
[38;5;12mΓöé ≡ƒÆí  * https://docs.fleaflet.dev/osm-warn for more information about this warning[0m
[38;5;12mΓööΓöÇΓöÇΓöÇΓöÇΓöÇΓöÇΓöÇΓöÇΓöÇΓöÇΓöÇΓöÇΓöÇΓöÇΓöÇΓöÇΓöÇΓöÇΓöÇΓöÇΓöÇΓöÇΓöÇΓöÇΓöÇΓöÇΓöÇΓöÇΓöÇΓöÇΓöÇΓöÇΓöÇΓöÇΓöÇΓöÇΓöÇΓöÇΓöÇΓöÇΓöÇΓöÇΓöÇΓöÇΓöÇΓöÇΓöÇΓöÇΓöÇΓöÇΓöÇΓöÇΓöÇΓöÇΓöÇΓöÇΓöÇΓöÇΓöÇΓöÇΓöÇΓöÇΓöÇΓöÇΓöÇΓöÇΓöÇΓöÇΓöÇΓöÇΓöÇΓöÇΓöÇΓöÇΓöÇΓöÇΓöÇΓöÇΓöÇΓöÇΓöÇΓöÇΓöÇΓöÇΓöÇΓöÇΓöÇΓöÇΓöÇΓöÇΓöÇΓöÇΓöÇΓöÇΓöÇΓöÇΓöÇΓöÇΓöÇΓöÇΓöÇΓöÇΓöÇΓöÇΓöÇΓöÇΓöÇΓöÇΓöÇΓöÇΓöÇΓöÇΓöÇΓöÇΓöÇΓöÇΓöÇΓöÇΓöÇ[0m
[38;5;12mΓöîΓöÇΓöÇΓöÇΓöÇΓöÇΓöÇΓöÇΓöÇΓöÇΓöÇΓöÇΓöÇΓöÇΓöÇΓöÇΓöÇΓöÇΓöÇΓöÇΓöÇΓöÇΓöÇΓöÇΓöÇΓöÇΓöÇΓöÇΓöÇΓöÇΓöÇΓöÇΓöÇΓöÇΓöÇΓöÇΓöÇΓöÇΓöÇΓöÇΓöÇΓöÇΓöÇΓöÇΓöÇΓöÇΓöÇΓöÇΓöÇΓöÇΓöÇΓöÇΓöÇΓöÇΓöÇΓöÇΓöÇΓöÇΓöÇΓöÇΓöÇΓöÇΓöÇΓöÇΓöÇΓöÇΓöÇΓöÇΓöÇΓöÇΓöÇΓöÇΓöÇΓöÇΓöÇΓöÇΓöÇΓöÇΓöÇΓöÇΓöÇΓöÇΓöÇΓöÇΓöÇΓöÇΓöÇΓöÇΓöÇΓöÇΓöÇΓöÇΓöÇΓöÇΓöÇΓöÇΓöÇΓöÇΓöÇΓöÇΓöÇΓöÇΓöÇΓöÇΓöÇΓöÇΓöÇΓöÇΓöÇΓöÇΓöÇΓöÇΓöÇΓöÇΓöÇΓöÇΓöÇΓöÇΓöÇΓöÇ[0m
[38;5;12mΓöé ≡ƒÆí [1m[3mflutter_map[0m[0m
[38;5;12mΓöé ≡ƒÆí flutter_map wants to help keep map data available for everyone.[0m
[38;5;12mΓöé ≡ƒÆí We use the OpenStreetMap public tile servers in our code examples & demo app,[0m
[38;5;12mΓöé ≡ƒÆí but they are NOT free to use by everyone. Please review whether OSM's tile[0m
[38;5;12mΓöé ≡ƒÆí servers are appropriate and the best choice for your app.[0m
[38;5;12mΓöé ≡ƒÆí See:[0m
[38;5;12mΓöé ≡ƒÆí  * https://operations.osmfoundation.org/policies/tiles (OSM Tile Usage Policy)[0m
[38;5;12mΓöé ≡ƒÆí  * https://docs.fleaflet.dev/osm-warn for more information about this warning[0m
[38;5;12mΓööΓöÇΓöÇΓöÇΓöÇΓöÇΓöÇΓöÇΓöÇΓöÇΓöÇΓöÇΓöÇΓöÇΓöÇΓöÇΓöÇΓöÇΓöÇΓöÇΓöÇΓöÇΓöÇΓöÇΓöÇΓöÇΓöÇΓöÇΓöÇΓöÇΓöÇΓöÇΓöÇΓöÇΓöÇΓöÇΓöÇΓöÇΓöÇΓöÇΓöÇΓöÇΓöÇΓöÇΓöÇΓöÇΓöÇΓöÇΓöÇΓöÇΓöÇΓöÇΓöÇΓöÇΓöÇΓöÇΓöÇΓöÇΓöÇΓöÇΓöÇΓöÇΓöÇΓöÇΓöÇΓöÇΓöÇΓöÇΓöÇΓöÇΓöÇΓöÇΓöÇΓöÇΓöÇΓöÇΓöÇΓöÇΓöÇΓöÇΓöÇΓöÇΓöÇΓöÇΓöÇΓöÇΓöÇΓöÇΓöÇΓöÇΓöÇΓöÇΓöÇΓöÇΓöÇΓöÇΓöÇΓöÇΓöÇΓöÇΓöÇΓöÇΓöÇΓöÇΓöÇΓöÇΓöÇΓöÇΓöÇΓöÇΓöÇΓöÇΓöÇΓöÇΓöÇΓöÇΓöÇΓöÇΓöÇΓöÇ[0m
[38;5;12mΓöîΓöÇΓöÇΓöÇΓöÇΓöÇΓöÇΓöÇΓöÇΓöÇΓöÇΓöÇΓöÇΓöÇΓöÇΓöÇΓöÇΓöÇΓöÇΓöÇΓöÇΓöÇΓöÇΓöÇΓöÇΓöÇΓöÇΓöÇΓöÇΓöÇΓöÇΓöÇΓöÇΓöÇΓöÇΓöÇΓöÇΓöÇΓöÇΓöÇΓöÇΓöÇΓöÇΓöÇΓöÇΓöÇΓöÇΓöÇΓöÇΓöÇΓöÇΓöÇΓöÇΓöÇΓöÇΓöÇΓöÇΓöÇΓöÇΓöÇΓöÇΓöÇΓöÇΓöÇΓöÇΓöÇΓöÇΓöÇΓöÇΓöÇΓöÇΓöÇΓöÇΓöÇΓöÇΓöÇΓöÇΓöÇΓöÇΓöÇΓöÇΓöÇΓöÇΓöÇΓöÇΓöÇΓöÇΓöÇΓöÇΓöÇΓöÇΓöÇΓöÇΓöÇΓöÇΓöÇΓöÇΓöÇΓöÇΓöÇΓöÇΓöÇΓöÇΓöÇΓöÇΓöÇΓöÇΓöÇΓöÇΓöÇΓöÇΓöÇΓöÇΓöÇΓöÇΓöÇΓöÇΓöÇΓöÇΓöÇ[0m
[38;5;12mΓöé ≡ƒÆí [1m[3mflutter_map[0m[0m
[38;5;12mΓöé ≡ƒÆí flutter_map wants to help keep map data available for everyone.[0m
[38;5;12mΓöé ≡ƒÆí We use the OpenStreetMap public tile servers in our code examples & demo app,[0m
[38;5;12mΓöé ≡ƒÆí but they are NOT free to use by everyone. Please review whether OSM's tile[0m
[38;5;12mΓöé ≡ƒÆí servers are appropriate and the best choice for your app.[0m
[38;5;12mΓöé ≡ƒÆí See:[0m
[38;5;12mΓöé ≡ƒÆí  * https://operations.osmfoundation.org/policies/tiles (OSM Tile Usage Policy)[0m
[38;5;12mΓöé ≡ƒÆí  * https://docs.fleaflet.dev/osm-warn for more information about this warning[0m
[38;5;12mΓööΓöÇΓöÇΓöÇΓöÇΓöÇΓöÇΓöÇΓöÇΓöÇΓöÇΓöÇΓöÇΓöÇΓöÇΓöÇΓöÇΓöÇΓöÇΓöÇΓöÇΓöÇΓöÇΓöÇΓöÇΓöÇΓöÇΓöÇΓöÇΓöÇΓöÇΓöÇΓöÇΓöÇΓöÇΓöÇΓöÇΓöÇΓöÇΓöÇΓöÇΓöÇΓöÇΓöÇΓöÇΓöÇΓöÇΓöÇΓöÇΓöÇΓöÇΓöÇΓöÇΓöÇΓöÇΓöÇΓöÇΓöÇΓöÇΓöÇΓöÇΓöÇΓöÇΓöÇΓöÇΓöÇΓöÇΓöÇΓöÇΓöÇΓöÇΓöÇΓöÇΓöÇΓöÇΓöÇΓöÇΓöÇΓöÇΓöÇΓöÇΓöÇΓöÇΓöÇΓöÇΓöÇΓöÇΓöÇΓöÇΓöÇΓöÇΓöÇΓöÇΓöÇΓöÇΓöÇΓöÇΓöÇΓöÇΓöÇΓöÇΓöÇΓöÇΓöÇΓöÇΓöÇΓöÇΓöÇΓöÇΓöÇΓöÇΓöÇΓöÇΓöÇΓöÇΓöÇΓöÇΓöÇΓöÇΓöÇ[0m
[38;5;12mΓöîΓöÇΓöÇΓöÇΓöÇΓöÇΓöÇΓöÇΓöÇΓöÇΓöÇΓöÇΓöÇΓöÇΓöÇΓöÇΓöÇΓöÇΓöÇΓöÇΓöÇΓöÇΓöÇΓöÇΓöÇΓöÇΓöÇΓöÇΓöÇΓöÇΓöÇΓöÇΓöÇΓöÇΓöÇΓöÇΓöÇΓöÇΓöÇΓöÇΓöÇΓöÇΓöÇΓöÇΓöÇΓöÇΓöÇΓöÇΓöÇΓöÇΓöÇΓöÇΓöÇΓöÇΓöÇΓöÇΓöÇΓöÇΓöÇΓöÇΓöÇΓöÇΓöÇΓöÇΓöÇΓöÇΓöÇΓöÇΓöÇΓöÇΓöÇΓöÇΓöÇΓöÇΓöÇΓöÇΓöÇΓöÇΓöÇΓöÇΓöÇΓöÇΓöÇΓöÇΓöÇΓöÇΓöÇΓöÇΓöÇΓöÇΓöÇΓöÇΓöÇΓöÇΓöÇΓöÇΓöÇΓöÇΓöÇΓöÇΓöÇΓöÇΓöÇΓöÇΓöÇΓöÇΓöÇΓöÇΓöÇΓöÇΓöÇΓöÇΓöÇΓöÇΓöÇΓöÇΓöÇΓöÇΓöÇΓöÇ[0m
[38;5;12mΓöé ≡ƒÆí [1m[3mflutter_map[0m[0m
[38;5;12mΓöé ≡ƒÆí flutter_map wants to help keep map data available for everyone.[0m
[38;5;12mΓöé ≡ƒÆí We use the OpenStreetMap public tile servers in our code examples & demo app,[0m
[38;5;12mΓöé ≡ƒÆí but they are NOT free to use by everyone. Please review whether OSM's tile[0m
[38;5;12mΓöé ≡ƒÆí servers are appropriate and the best choice for your app.[0m
[38;5;12mΓöé ≡ƒÆí See:[0m
[38;5;12mΓöé ≡ƒÆí  * https://operations.osmfoundation.org/policies/tiles (OSM Tile Usage Policy)[0m
[38;5;12mΓöé ≡ƒÆí  * https://docs.fleaflet.dev/osm-warn for more information about this warning[0m
[38;5;12mΓööΓöÇΓöÇΓöÇΓöÇΓöÇΓöÇΓöÇΓöÇΓöÇΓöÇΓöÇΓöÇΓöÇΓöÇΓöÇΓöÇΓöÇΓöÇΓöÇΓöÇΓöÇΓöÇΓöÇΓöÇΓöÇΓöÇΓöÇΓöÇΓöÇΓöÇΓöÇΓöÇΓöÇΓöÇΓöÇΓöÇΓöÇΓöÇΓöÇΓöÇΓöÇΓöÇΓöÇΓöÇΓöÇΓöÇΓöÇΓöÇΓöÇΓöÇΓöÇΓöÇΓöÇΓöÇΓöÇΓöÇΓöÇΓöÇΓöÇΓöÇΓöÇΓöÇΓöÇΓöÇΓöÇΓöÇΓöÇΓöÇΓöÇΓöÇΓöÇΓöÇΓöÇΓöÇΓöÇΓöÇΓöÇΓöÇΓöÇΓöÇΓöÇΓöÇΓöÇΓöÇΓöÇΓöÇΓöÇΓöÇΓöÇΓöÇΓöÇΓöÇΓöÇΓöÇΓöÇΓöÇΓöÇΓöÇΓöÇΓöÇΓöÇΓöÇΓöÇΓöÇΓöÇΓöÇΓöÇΓöÇΓöÇΓöÇΓöÇΓöÇΓöÇΓöÇΓöÇΓöÇΓöÇΓöÇΓöÇ[0m
[38;5;12mΓöîΓöÇΓöÇΓöÇΓöÇΓöÇΓöÇΓöÇΓöÇΓöÇΓöÇΓöÇΓöÇΓöÇΓöÇΓöÇΓöÇΓöÇΓöÇΓöÇΓöÇΓöÇΓöÇΓöÇΓöÇΓöÇΓöÇΓöÇΓöÇΓöÇΓöÇΓöÇΓöÇΓöÇΓöÇΓöÇΓöÇΓöÇΓöÇΓöÇΓöÇΓöÇΓöÇΓöÇΓöÇΓöÇΓöÇΓöÇΓöÇΓöÇΓöÇΓöÇΓöÇΓöÇΓöÇΓöÇΓöÇΓöÇΓöÇΓöÇΓöÇΓöÇΓöÇΓöÇΓöÇΓöÇΓöÇΓöÇΓöÇΓöÇΓöÇΓöÇΓöÇΓöÇΓöÇΓöÇΓöÇΓöÇΓöÇΓöÇΓöÇΓöÇΓöÇΓöÇΓöÇΓöÇΓöÇΓöÇΓöÇΓöÇΓöÇΓöÇΓöÇΓöÇΓöÇΓöÇΓöÇΓöÇΓöÇΓöÇΓöÇΓöÇΓöÇΓöÇΓöÇΓöÇΓöÇΓöÇΓöÇΓöÇΓöÇΓöÇΓöÇΓöÇΓöÇΓöÇΓöÇΓöÇΓöÇΓöÇ[0m
[38;5;12mΓöé ≡ƒÆí [1m[3mflutter_map[0m[0m
[38;5;12mΓöé ≡ƒÆí flutter_map wants to help keep map data available for everyone.[0m
[38;5;12mΓöé ≡ƒÆí We use the OpenStreetMap public tile servers in our code examples & demo app,[0m
[38;5;12mΓöé ≡ƒÆí but they are NOT free to use by everyone. Please review whether OSM's tile[0m
[38;5;12mΓöé ≡ƒÆí servers are appropriate and the best choice for your app.[0m
[38;5;12mΓöé ≡ƒÆí See:[0m
[38;5;12mΓöé ≡ƒÆí  * https://operations.osmfoundation.org/policies/tiles (OSM Tile Usage Policy)[0m
[38;5;12mΓöé ≡ƒÆí  * https://docs.fleaflet.dev/osm-warn for more information about this warning[0m
[38;5;12mΓööΓöÇΓöÇΓöÇΓöÇΓöÇΓöÇΓöÇΓöÇΓöÇΓöÇΓöÇΓöÇΓöÇΓöÇΓöÇΓöÇΓöÇΓöÇΓöÇΓöÇΓöÇΓöÇΓöÇΓöÇΓöÇΓöÇΓöÇΓöÇΓöÇΓöÇΓöÇΓöÇΓöÇΓöÇΓöÇΓöÇΓöÇΓöÇΓöÇΓöÇΓöÇΓöÇΓöÇΓöÇΓöÇΓöÇΓöÇΓöÇΓöÇΓöÇΓöÇΓöÇΓöÇΓöÇΓöÇΓöÇΓöÇΓöÇΓöÇΓöÇΓöÇΓöÇΓöÇΓöÇΓöÇΓöÇΓöÇΓöÇΓöÇΓöÇΓöÇΓöÇΓöÇΓöÇΓöÇΓöÇΓöÇΓöÇΓöÇΓöÇΓöÇΓöÇΓöÇΓöÇΓöÇΓöÇΓöÇΓöÇΓöÇΓöÇΓöÇΓöÇΓöÇΓöÇΓöÇΓöÇΓöÇΓöÇΓöÇΓöÇΓöÇΓöÇΓöÇΓöÇΓöÇΓöÇΓöÇΓöÇΓöÇΓöÇΓöÇΓöÇΓöÇΓöÇΓöÇΓöÇΓöÇΓöÇΓöÇ[0m
[38;5;12mΓöîΓöÇΓöÇΓöÇΓöÇΓöÇΓöÇΓöÇΓöÇΓöÇΓöÇΓöÇΓöÇΓöÇΓöÇΓöÇΓöÇΓöÇΓöÇΓöÇΓöÇΓöÇΓöÇΓöÇΓöÇΓöÇΓöÇΓöÇΓöÇΓöÇΓöÇΓöÇΓöÇΓöÇΓöÇΓöÇΓöÇΓöÇΓöÇΓöÇΓöÇΓöÇΓöÇΓöÇΓöÇΓöÇΓöÇΓöÇΓöÇΓöÇΓöÇΓöÇΓöÇΓöÇΓöÇΓöÇΓöÇΓöÇΓöÇΓöÇΓöÇΓöÇΓöÇΓöÇΓöÇΓöÇΓöÇΓöÇΓöÇΓöÇΓöÇΓöÇΓöÇΓöÇΓöÇΓöÇΓöÇΓöÇΓöÇΓöÇΓöÇΓöÇΓöÇΓöÇΓöÇΓöÇΓöÇΓöÇΓöÇΓöÇΓöÇΓöÇΓöÇΓöÇΓöÇΓöÇΓöÇΓöÇΓöÇΓöÇΓöÇΓöÇΓöÇΓöÇΓöÇΓöÇΓöÇΓöÇΓöÇΓöÇΓöÇΓöÇΓöÇΓöÇΓöÇΓöÇΓöÇΓöÇΓöÇΓöÇ[0m
[38;5;12mΓöé ≡ƒÆí [1m[3mflutter_map[0m[0m
[38;5;12mΓöé ≡ƒÆí flutter_map wants to help keep map data available for everyone.[0m
[38;5;12mΓöé ≡ƒÆí We use the OpenStreetMap public tile servers in our code examples & demo app,[0m
[38;5;12mΓöé ≡ƒÆí but they are NOT free to use by everyone. Please review whether OSM's tile[0m
[38;5;12mΓöé ≡ƒÆí servers are appropriate and the best choice for your app.[0m
[38;5;12mΓöé ≡ƒÆí See:[0m
[38;5;12mΓöé ≡ƒÆí  * https://operations.osmfoundation.org/policies/tiles (OSM Tile Usage Policy)[0m
[38;5;12mΓöé ≡ƒÆí  * https://docs.fleaflet.dev/osm-warn for more information about this warning[0m
[38;5;12mΓööΓöÇΓöÇΓöÇΓöÇΓöÇΓöÇΓöÇΓöÇΓöÇΓöÇΓöÇΓöÇΓöÇΓöÇΓöÇΓöÇΓöÇΓöÇΓöÇΓöÇΓöÇΓöÇΓöÇΓöÇΓöÇΓöÇΓöÇΓöÇΓöÇΓöÇΓöÇΓöÇΓöÇΓöÇΓöÇΓöÇΓöÇΓöÇΓöÇΓöÇΓöÇΓöÇΓöÇΓöÇΓöÇΓöÇΓöÇΓöÇΓöÇΓöÇΓöÇΓöÇΓöÇΓöÇΓöÇΓöÇΓöÇΓöÇΓöÇΓöÇΓöÇΓöÇΓöÇΓöÇΓöÇΓöÇΓöÇΓöÇΓöÇΓöÇΓöÇΓöÇΓöÇΓöÇΓöÇΓöÇΓöÇΓöÇΓöÇΓöÇΓöÇΓöÇΓöÇΓöÇΓöÇΓöÇΓöÇΓöÇΓöÇΓöÇΓöÇΓöÇΓöÇΓöÇΓöÇΓöÇΓöÇΓöÇΓöÇΓöÇΓöÇΓöÇΓöÇΓöÇΓöÇΓöÇΓöÇΓöÇΓöÇΓöÇΓöÇΓöÇΓöÇΓöÇΓöÇΓöÇΓöÇΓöÇΓöÇ[0m
[38;5;12mΓöîΓöÇΓöÇΓöÇΓöÇΓöÇΓöÇΓöÇΓöÇΓöÇΓöÇΓöÇΓöÇΓöÇΓöÇΓöÇΓöÇΓöÇΓöÇΓöÇΓöÇΓöÇΓöÇΓöÇΓöÇΓöÇΓöÇΓöÇΓöÇΓöÇΓöÇΓöÇΓöÇΓöÇΓöÇΓöÇΓöÇΓöÇΓöÇΓöÇΓöÇΓöÇΓöÇΓöÇΓöÇΓöÇΓöÇΓöÇΓöÇΓöÇΓöÇΓöÇΓöÇΓöÇΓöÇΓöÇΓöÇΓöÇΓöÇΓöÇΓöÇΓöÇΓöÇΓöÇΓöÇΓöÇΓöÇΓöÇΓöÇΓöÇΓöÇΓöÇΓöÇΓöÇΓöÇΓöÇΓöÇΓöÇΓöÇΓöÇΓöÇΓöÇΓöÇΓöÇΓöÇΓöÇΓöÇΓöÇΓöÇΓöÇΓöÇΓöÇΓöÇΓöÇΓöÇΓöÇΓöÇΓöÇΓöÇΓöÇΓöÇΓöÇΓöÇΓöÇΓöÇΓöÇΓöÇΓöÇΓöÇΓöÇΓöÇΓöÇΓöÇΓöÇΓöÇΓöÇΓöÇΓöÇΓöÇΓöÇ[0m
[38;5;12mΓöé ≡ƒÆí [1m[3mflutter_map[0m[0m
[38;5;12mΓöé ≡ƒÆí flutter_map wants to help keep map data available for everyone.[0m
[38;5;12mΓöé ≡ƒÆí We use the OpenStreetMap public tile servers in our code examples & demo app,[0m
[38;5;12mΓöé ≡ƒÆí but they are NOT free to use by everyone. Please review whether OSM's tile[0m
[38;5;12mΓöé ≡ƒÆí servers are appropriate and the best choice for your app.[0m
[38;5;12mΓöé ≡ƒÆí See:[0m
[38;5;12mΓöé ≡ƒÆí  * https://operations.osmfoundation.org/policies/tiles (OSM Tile Usage Policy)[0m
[38;5;12mΓöé ≡ƒÆí  * https://docs.fleaflet.dev/osm-warn for more information about this warning[0m
[38;5;12mΓööΓöÇΓöÇΓöÇΓöÇΓöÇΓöÇΓöÇΓöÇΓöÇΓöÇΓöÇΓöÇΓöÇΓöÇΓöÇΓöÇΓöÇΓöÇΓöÇΓöÇΓöÇΓöÇΓöÇΓöÇΓöÇΓöÇΓöÇΓöÇΓöÇΓöÇΓöÇΓöÇΓöÇΓöÇΓöÇΓöÇΓöÇΓöÇΓöÇΓöÇΓöÇΓöÇΓöÇΓöÇΓöÇΓöÇΓöÇΓöÇΓöÇΓöÇΓöÇΓöÇΓöÇΓöÇΓöÇΓöÇΓöÇΓöÇΓöÇΓöÇΓöÇΓöÇΓöÇΓöÇΓöÇΓöÇΓöÇΓöÇΓöÇΓöÇΓöÇΓöÇΓöÇΓöÇΓöÇΓöÇΓöÇΓöÇΓöÇΓöÇΓöÇΓöÇΓöÇΓöÇΓöÇΓöÇΓöÇΓöÇΓöÇΓöÇΓöÇΓöÇΓöÇΓöÇΓöÇΓöÇΓöÇΓöÇΓöÇΓöÇΓöÇΓöÇΓöÇΓöÇΓöÇΓöÇΓöÇΓöÇΓöÇΓöÇΓöÇΓöÇΓöÇΓöÇΓöÇΓöÇΓöÇΓöÇΓöÇ[0m
00:07 +31 ~33: D:/Flutterdattsoap/DattSoap-main/DattSoap-main/flutter_app/test/integration/t1_department_stock_integrity_test.dart: (setUpAll)
00:07 +31 ~33: D:/Flutterdattsoap/DattSoap-main/DattSoap-main/flutter_app/test/integration/t1_department_stock_integrity_test.dart: department issue and return keep main stock net unchanged and queue both commands
  Skip: Requires Isar native library. Run with --dart-define=RUN_DB_TESTS=true
00:07 +31 ~34: D:/Flutterdattsoap/DattSoap-main/DattSoap-main/flutter_app/test/integration/t1_department_stock_integrity_test.dart: (tearDownAll)
00:08 +31 ~34: D:/Flutterdattsoap/DattSoap-main/DattSoap-main/flutter_app/test/integration/t2_salesman_allocation_block_test.dart: (setUpAll)
00:08 +31 ~34: D:/Flutterdattsoap/DattSoap-main/DattSoap-main/flutter_app/test/integration/t2_salesman_allocation_block_test.dart: salesman recipient type is blocked before stock, ledger, sale, or queue mutation
  Skip: Requires Isar native library. Run with --dart-define=RUN_DB_TESTS=true
00:08 +31 ~35: D:/Flutterdattsoap/DattSoap-main/DattSoap-main/flutter_app/test/integration/t2_salesman_allocation_block_test.dart: salesman recipient type is blocked case-insensitively before any mutation
  Skip: Requires Isar native library. Run with --dart-define=RUN_DB_TESTS=true
00:08 +31 ~36: D:/Flutterdattsoap/DattSoap-main/DattSoap-main/flutter_app/test/integration/t2_salesman_allocation_block_test.dart: (tearDownAll)
00:08 +31 ~36: D:/Flutterdattsoap/DattSoap-main/DattSoap-main/flutter_app/test/integration/t4_opening_stock_set_balance_test.dart: (setUpAll)
00:08 +31 ~36: D:/Flutterdattsoap/DattSoap-main/DattSoap-main/flutter_app/test/integration/t4_opening_stock_set_balance_test.dart: opening stock overwrite keeps a single record and final balance equals latest quantity
  Skip: Requires Isar native library. Run with --dart-define=RUN_DB_TESTS=true
00:08 +31 ~37: D:/Flutterdattsoap/DattSoap-main/DattSoap-main/flutter_app/test/integration/t4_opening_stock_set_balance_test.dart: (tearDownAll)
00:09 +31 ~37: D:/Flutterdattsoap/DattSoap-main/DattSoap-main/flutter_app/test/integration/t5_salesman_uid_identity_test.dart: (setUpAll)
00:09 +31 ~37: D:/Flutterdattsoap/DattSoap-main/DattSoap-main/flutter_app/test/integration/t5_salesman_uid_identity_test.dart: sale writes Firebase UID to local sale and queue payload when AppUser.id differs
  Skip: Requires Isar native library. Run with --dart-define=RUN_DB_TESTS=true
00:09 +31 ~38: D:/Flutterdattsoap/DattSoap-main/DattSoap-main/flutter_app/test/integration/t5_salesman_uid_identity_test.dart: customer sale and edit reuse legacy local salesman profile via auth email fallback
  Skip: Requires Isar native library. Run with --dart-define=RUN_DB_TESTS=true
00:09 +31 ~39: D:/Flutterdattsoap/DattSoap-main/DattSoap-main/flutter_app/test/integration/t5_salesman_uid_identity_test.dart: (tearDownAll)
00:09 +31 ~39: D:/Flutterdattsoap/DattSoap-main/DattSoap-main/flutter_app/test/integration/t6_production_outbox_test.dart: (setUpAll)
00:09 +31 ~39: D:/Flutterdattsoap/DattSoap-main/DattSoap-main/flutter_app/test/integration/t6_production_outbox_test.dart: T6 Production Outbox addDetailedProductionLog enqueues a durable production outbox command
  Skip: Requires Isar native library. Run with --dart-define=RUN_DB_TESTS=true
00:09 +31 ~40: D:/Flutterdattsoap/DattSoap-main/DattSoap-main/flutter_app/test/integration/t6_production_outbox_test.dart: T6 Production Outbox createBhattiBatch enqueues a durable bhatti batch command
  Skip: Requires Isar native library. Run with --dart-define=RUN_DB_TESTS=true
00:09 +31 ~41: D:/Flutterdattsoap/DattSoap-main/DattSoap-main/flutter_app/test/integration/t6_production_outbox_test.dart: T6 Production Outbox createCuttingBatch enqueues a durable cutting batch command
  Skip: Requires Isar native library. Run with --dart-define=RUN_DB_TESTS=true
00:09 +31 ~42: D:/Flutterdattsoap/DattSoap-main/DattSoap-main/flutter_app/test/integration/t6_production_outbox_test.dart: (tearDownAll)
00:10 +31 ~42: D:/Flutterdattsoap/DattSoap-main/DattSoap-main/flutter_app/test/integration/t7_canonical_inventory_foundation_test.dart: (setUpAll)
00:10 +31 ~42: D:/Flutterdattsoap/DattSoap-main/DattSoap-main/flutter_app/test/integration/t7_canonical_inventory_foundation_test.dart: T7 Canonical Inventory Foundation seeds canonical departments, locations, backfills balances, mirrors warehouse stock, and stays idempotent
  Skip: Requires Isar native library. Run with --dart-define=RUN_DB_TESTS=true
00:10 +31 ~43: D:/Flutterdattsoap/DattSoap-main/DattSoap-main/flutter_app/test/integration/t7_canonical_inventory_foundation_test.dart: (tearDownAll)
00:10 +31 ~43: D:/Flutterdattsoap/DattSoap-main/DattSoap-main/flutter_app/test/integration/t8_movement_engine_test.dart: (setUpAll)
00:10 +31 ~43: D:/Flutterdattsoap/DattSoap-main/DattSoap-main/flutter_app/test/integration/t8_movement_engine_test.dart: T8 Inventory Movement Engine department_issue updates balances, movement rows, and outbox
  Skip: Requires Isar native library. Run with --dart-define=RUN_DB_TESTS=true
00:10 +31 ~44: D:/Flutterdattsoap/DattSoap-main/DattSoap-main/flutter_app/test/integration/t8_movement_engine_test.dart: T8 Inventory Movement Engine department_return reverses warehouse and department balances
  Skip: Requires Isar native library. Run with --dart-define=RUN_DB_TESTS=true
00:10 +31 ~45: D:/Flutterdattsoap/DattSoap-main/DattSoap-main/flutter_app/test/integration/t8_movement_engine_test.dart: T8 Inventory Movement Engine opening_set_balance is idempotent and creates no duplicate movement
  Skip: Requires Isar native library. Run with --dart-define=RUN_DB_TESTS=true
00:10 +31 ~46: D:/Flutterdattsoap/DattSoap-main/DattSoap-main/flutter_app/test/integration/t8_movement_engine_test.dart: T8 Inventory Movement Engine dispatch_create moves stock from warehouse to salesman van
  Skip: Requires Isar native library. Run with --dart-define=RUN_DB_TESTS=true
00:10 +31 ~47: D:/Flutterdattsoap/DattSoap-main/DattSoap-main/flutter_app/test/integration/t8_movement_engine_test.dart: T8 Inventory Movement Engine sale_complete moves stock from salesman van to virtual sold
  Skip: Requires Isar native library. Run with --dart-define=RUN_DB_TESTS=true
00:10 +31 ~48: D:/Flutterdattsoap/DattSoap-main/DattSoap-main/flutter_app/test/integration/t8_movement_engine_test.dart: T8 Inventory Movement Engine sale_reversal restores stock and marks reversal movement
  Skip: Requires Isar native library. Run with --dart-define=RUN_DB_TESTS=true
00:10 +31 ~49: D:/Flutterdattsoap/DattSoap-main/DattSoap-main/flutter_app/test/integration/t8_movement_engine_test.dart: T8 Inventory Movement Engine internal_transfer updates balances between any two locations
  Skip: Requires Isar native library. Run with --dart-define=RUN_DB_TESTS=true
00:10 +31 ~50: D:/Flutterdattsoap/DattSoap-main/DattSoap-main/flutter_app/test/integration/t8_movement_engine_test.dart: T8 Inventory Movement Engine idempotency prevents duplicate balance and movement writes
  Skip: Requires Isar native library. Run with --dart-define=RUN_DB_TESTS=true
00:10 +31 ~51: D:/Flutterdattsoap/DattSoap-main/DattSoap-main/flutter_app/test/integration/t8_movement_engine_test.dart: T8 Inventory Movement Engine products.stock mirror stays in sync after warehouse balance change
  Skip: Requires Isar native library. Run with --dart-define=RUN_DB_TESTS=true
00:10 +31 ~52: D:/Flutterdattsoap/DattSoap-main/DattSoap-main/flutter_app/test/integration/t8_movement_engine_test.dart: (tearDownAll)
00:11 +31 ~52: D:/Flutterdattsoap/DattSoap-main/DattSoap-main/flutter_app/test/integration/t9_p1_inventory_service_test.dart: (setUpAll)
00:11 +31 ~52: D:/Flutterdattsoap/DattSoap-main/DattSoap-main/flutter_app/test/integration/t9_p1_inventory_service_test.dart: T9-P1 inventory_service migration applyProductStockChangeInTxn updates balance, creates movement, and keeps product mirror in sync
  Skip: Requires Isar native library. Run with --dart-define=RUN_DB_TESTS=true
00:11 +31 ~53: D:/Flutterdattsoap/DattSoap-main/DattSoap-main/flutter_app/test/integration/t9_p1_inventory_service_test.dart: T9-P1 inventory_service migration applyDepartmentStockChangeInTxn moves stock from warehouse to department
  Skip: Requires Isar native library. Run with --dart-define=RUN_DB_TESTS=true
00:11 +31 ~54: D:/Flutterdattsoap/DattSoap-main/DattSoap-main/flutter_app/test/integration/t9_p1_inventory_service_test.dart: T9-P1 inventory_service migration adjustSalesmanStock updates salesman balance, creates movement, and syncs allocatedStock mirror
  Skip: Requires Isar native library. Run with --dart-define=RUN_DB_TESTS=true
00:11 +31 ~55: D:/Flutterdattsoap/DattSoap-main/DattSoap-main/flutter_app/test/integration/t9_p1_inventory_service_test.dart: T9-P1 inventory_service migration receiveDispatch applies dispatch command once and skips replay by commandId
  Skip: Requires Isar native library. Run with --dart-define=RUN_DB_TESTS=true
00:11 +31 ~56: D:/Flutterdattsoap/DattSoap-main/DattSoap-main/flutter_app/test/integration/t9_p1_inventory_service_test.dart: T9-P1 inventory_service migration existing inventory_service callers still work end to end
  Skip: Requires Isar native library. Run with --dart-define=RUN_DB_TESTS=true
00:11 +31 ~57: D:/Flutterdattsoap/DattSoap-main/DattSoap-main/flutter_app/test/integration/t9_p1_inventory_service_test.dart: (tearDownAll)
00:11 +31 ~57: D:/Flutterdattsoap/DattSoap-main/DattSoap-main/flutter_app/test/integration/t9_p2_sales_service_test.dart: (setUpAll)
00:11 +31 ~57: D:/Flutterdattsoap/DattSoap-main/DattSoap-main/flutter_app/test/integration/t9_p2_sales_service_test.dart: T9-P2 sales migration sale_complete from salesman van updates balance, movement, and allocatedStock mirror
  Skip: Requires Isar native library. Run with --dart-define=RUN_DB_TESTS=true
00:11 +31 ~58: D:/Flutterdattsoap/DattSoap-main/DattSoap-main/flutter_app/test/integration/t9_p2_sales_service_test.dart: T9-P2 sales migration sale_complete for dealer decrements warehouse and keeps product mirror in sync
  Skip: Requires Isar native library. Run with --dart-define=RUN_DB_TESTS=true
00:11 +31 ~59: D:/Flutterdattsoap/DattSoap-main/DattSoap-main/flutter_app/test/integration/t9_p2_sales_service_test.dart: T9-P2 sales migration provider customer sale falls back to warehouse and creates movement rows
  Skip: Requires Isar native library. Run with --dart-define=RUN_DB_TESTS=true
00:11 +31 ~60: D:/Flutterdattsoap/DattSoap-main/DattSoap-main/flutter_app/test/integration/t9_p2_sales_service_test.dart: T9-P2 sales migration sale edit applies reversal first and then new sale_complete with correct net balance
  Skip: Requires Isar native library. Run with --dart-define=RUN_DB_TESTS=true
00:11 +31 ~61: D:/Flutterdattsoap/DattSoap-main/DattSoap-main/flutter_app/test/integration/t9_p2_sales_service_test.dart: T9-P2 sales migration replay same saleId through provider is idempotent
  Skip: Requires Isar native library. Run with --dart-define=RUN_DB_TESTS=true
00:11 +31 ~62: D:/Flutterdattsoap/DattSoap-main/DattSoap-main/flutter_app/test/integration/t9_p2_sales_service_test.dart: T9-P2 sales migration performSyncAdd in sales_remote_provider delegates to engine without direct stock write batch updates
  Skip: Requires Isar native library. Run with --dart-define=RUN_DB_TESTS=true
00:11 +31 ~63: D:/Flutterdattsoap/DattSoap-main/DattSoap-main/flutter_app/test/integration/t9_p2_sales_service_test.dart: T9-P2 sales migration performSyncEdit in sales_remote_provider applies reversal and reapply correctly
  Skip: Requires Isar native library. Run with --dart-define=RUN_DB_TESTS=true
00:11 +31 ~64: D:/Flutterdattsoap/DattSoap-main/DattSoap-main/flutter_app/test/integration/t9_p2_sales_service_test.dart: (tearDownAll)
00:12 +31 ~64: D:/Flutterdattsoap/DattSoap-main/DattSoap-main/flutter_app/test/integration/t9_p3_returns_service_test.dart: (setUpAll)
00:12 +31 ~64: D:/Flutterdattsoap/DattSoap-main/DattSoap-main/flutter_app/test/integration/t9_p3_returns_service_test.dart: T9-P3 returns_service migration applySalesmanStockAdjustmentForTest restores salesman van balance for returned good stock and syncs allocatedStock mirror
  Skip: Requires Isar native library. Run with --dart-define=RUN_DB_TESTS=true
00:12 +31 ~65: D:/Flutterdattsoap/DattSoap-main/DattSoap-main/flutter_app/test/integration/t9_p3_returns_service_test.dart: T9-P3 returns_service migration performSync approval restores warehouse stock for stock return and creates movement row
  Skip: Requires Isar native library. Run with --dart-define=RUN_DB_TESTS=true
00:12 +31 ~66: D:/Flutterdattsoap/DattSoap-main/DattSoap-main/flutter_app/test/integration/t9_p3_returns_service_test.dart: T9-P3 returns_service migration performSync approval restores salesman van balance for good-stock sales return
  Skip: Requires Isar native library. Run with --dart-define=RUN_DB_TESTS=true
00:12 +31 ~67: D:/Flutterdattsoap/DattSoap-main/DattSoap-main/flutter_app/test/integration/t9_p3_returns_service_test.dart: T9-P3 returns_service migration replay same returnId applies zero extra stock change
  Skip: Requires Isar native library. Run with --dart-define=RUN_DB_TESTS=true
00:12 +31 ~68: D:/Flutterdattsoap/DattSoap-main/DattSoap-main/flutter_app/test/integration/t9_p3_returns_service_test.dart: (tearDownAll)
00:12 +31 ~68: D:/Flutterdattsoap/DattSoap-main/DattSoap-main/flutter_app/test/integration/t9_p5_cleanup_test.dart: T9-P5 tests skipped (set RUN_DB_TESTS=true to run)
00:12 +32 ~68: D:/Flutterdattsoap/DattSoap-main/DattSoap-main/flutter_app/test/math_audit_test.dart: Mathematical Audit - Sales Logic Case 1: Standard Rounding (Penny Check)
00:12 +33 ~68: D:/Flutterdattsoap/DattSoap-main/DattSoap-main/flutter_app/test/math_audit_test.dart: Mathematical Audit - Sales Logic Case 2: Discount Cascading
00:12 +34 ~68: D:/Flutterdattsoap/DattSoap-main/DattSoap-main/flutter_app/test/math_audit_test.dart: Mathematical Audit - Sales Logic Case 3: GST Rounding
00:12 +35 ~68: D:/Flutterdattsoap/DattSoap-main/DattSoap-main/flutter_app/test/math_audit_test.dart: Mathematical Audit - Sales Logic Case 4: Complex Edge Case (Decimals)
00:12 +36 ~68: D:/Flutterdattsoap/DattSoap-main/DattSoap-main/flutter_app/test/math_audit_test.dart: Mathematical Audit - Sales Logic Case 5: GST Split Logic (Manual Calculation Check)
00:13 +37 ~68: D:/Flutterdattsoap/DattSoap-main/DattSoap-main/flutter_app/test/models/user_types_test.dart: AppUser.isFullyConfigured should return true for a fully configured user
00:13 +38 ~68: D:/Flutterdattsoap/DattSoap-main/DattSoap-main/flutter_app/test/models/user_types_test.dart: AppUser.isFullyConfigured should return false if name is empty
00:13 +39 ~68: D:/Flutterdattsoap/DattSoap-main/DattSoap-main/flutter_app/test/models/user_types_test.dart: AppUser.isFullyConfigured should return false if email mismatch
00:13 +40 ~68: D:/Flutterdattsoap/DattSoap-main/DattSoap-main/flutter_app/test/models/user_types_test.dart: AppUser.isFullyConfigured should return false if status is not active
00:13 +41 ~68: D:/Flutterdattsoap/DattSoap-main/DattSoap-main/flutter_app/test/models/user_types_test.dart: AppUser.isFullyConfigured should return false if department is missing
00:13 +42 ~68: D:/Flutterdattsoap/DattSoap-main/DattSoap-main/flutter_app/test/models/user_types_test.dart: AppUser.isFullyConfigured should return true for admin even if department is missing
00:13 +43 ~68: D:/Flutterdattsoap/DattSoap-main/DattSoap-main/flutter_app/test/models/user_types_test.dart: AppUser.isFullyConfigured should return true for owner even if department is missing
00:13 +44 ~68: D:/Flutterdattsoap/DattSoap-main/DattSoap-main/flutter_app/test/models/user_types_test.dart: AppUser.isFullyConfigured should return false if bhatti supervisor has no assigned bhatti
00:13 +45 ~68: D:/Flutterdattsoap/DattSoap-main/DattSoap-main/flutter_app/test/models/user_types_test.dart: AppUser.isFullyConfigured should return true if bhatti supervisor has assigned bhatti
00:13 +46 ~68: D:/Flutterdattsoap/DattSoap-main/DattSoap-main/flutter_app/test/modules/accounting/accounting_engine_test.dart: Sales Auto Posting creates balanced sales voucher
00:13 +47 ~68: D:/Flutterdattsoap/DattSoap-main/DattSoap-main/flutter_app/test/modules/accounting/accounting_engine_test.dart: Sales Auto Posting propagates route/division/district/dealer/salesman dimensions
00:13 +48 ~68: D:/Flutterdattsoap/DattSoap-main/DattSoap-main/flutter_app/test/modules/accounting/accounting_engine_test.dart: Sales Auto Posting includes customer debit line
00:13 +49 ~68: D:/Flutterdattsoap/DattSoap-main/DattSoap-main/flutter_app/test/modules/accounting/accounting_engine_test.dart: Sales Auto Posting maps output CGST and SGST ledgers
00:13 +50 ~68: D:/Flutterdattsoap/DattSoap-main/DattSoap-main/flutter_app/test/modules/accounting/accounting_engine_test.dart: Sales Auto Posting maps output IGST ledger
00:13 +51 ~68: D:/Flutterdattsoap/DattSoap-main/DattSoap-main/flutter_app/test/modules/accounting/accounting_engine_test.dart: Sales Auto Posting posts positive round-off as credit
00:13 +52 ~68: D:/Flutterdattsoap/DattSoap-main/DattSoap-main/flutter_app/test/modules/accounting/accounting_engine_test.dart: Sales Auto Posting posts negative round-off as debit
00:13 +53 ~68: D:/Flutterdattsoap/DattSoap-main/DattSoap-main/flutter_app/test/modules/accounting/accounting_engine_test.dart: Sales Auto Posting non-strict mode returns failure without throw on voucher error
WARNING [Accounting]: Sales voucher posting skipped: Exception: forced voucher failure
00:13 +54 ~68: D:/Flutterdattsoap/DattSoap-main/DattSoap-main/flutter_app/test/modules/accounting/accounting_engine_test.dart: Sales Auto Posting strict mode propagates to voucher repository
00:13 +55 ~68: D:/Flutterdattsoap/DattSoap-main/DattSoap-main/flutter_app/test/modules/accounting/accounting_engine_test.dart: Sales Auto Posting throws in strict mode when financial year is locked
00:13 +56 ~68: D:/Flutterdattsoap/DattSoap-main/DattSoap-main/flutter_app/test/modules/accounting/accounting_engine_test.dart: Purchase Auto Posting creates purchase voucher with creditors credit
00:13 +57 ~68: D:/Flutterdattsoap/DattSoap-main/DattSoap-main/flutter_app/test/modules/accounting/accounting_engine_test.dart: Purchase Auto Posting maps input CGST and SGST ledgers
00:13 +58 ~68: D:/Flutterdattsoap/DattSoap-main/DattSoap-main/flutter_app/test/modules/accounting/accounting_engine_test.dart: Purchase Auto Posting maps input IGST ledger
00:13 +59 ~68: D:/Flutterdattsoap/DattSoap-main/DattSoap-main/flutter_app/test/modules/accounting/accounting_engine_test.dart: Purchase Auto Posting posts positive round-off as debit
00:13 +60 ~68: D:/Flutterdattsoap/DattSoap-main/DattSoap-main/flutter_app/test/modules/accounting/accounting_engine_test.dart: Purchase Auto Posting posts negative round-off as credit
00:13 +61 ~68: D:/Flutterdattsoap/DattSoap-main/DattSoap-main/flutter_app/test/modules/accounting/accounting_engine_test.dart: Purchase Auto Posting throws in strict mode when year is locked
00:13 +62 ~68: D:/Flutterdattsoap/DattSoap-main/DattSoap-main/flutter_app/test/modules/accounting/accounting_engine_test.dart: GST Ledger Mapping maps output CGST code
00:13 +63 ~68: D:/Flutterdattsoap/DattSoap-main/DattSoap-main/flutter_app/test/modules/accounting/accounting_engine_test.dart: GST Ledger Mapping maps input IGST code
00:13 +64 ~68: D:/Flutterdattsoap/DattSoap-main/DattSoap-main/flutter_app/test/modules/accounting/accounting_engine_test.dart: GST Ledger Mapping throws for unsupported component
00:13 +65 ~68: D:/Flutterdattsoap/DattSoap-main/DattSoap-main/flutter_app/test/modules/accounting/accounting_engine_test.dart: Trial Balance is balanced when debits equal credits
00:13 +66 ~68: D:/Flutterdattsoap/DattSoap-main/DattSoap-main/flutter_app/test/modules/accounting/accounting_engine_test.dart: Trial Balance detects imbalance
00:13 +67 ~68: D:/Flutterdattsoap/DattSoap-main/DattSoap-main/flutter_app/test/modules/accounting/accounting_engine_test.dart: Trial Balance aggregates multiple rows by account
00:13 +68 ~68: D:/Flutterdattsoap/DattSoap-main/DattSoap-main/flutter_app/test/modules/accounting/accounting_engine_test.dart: Trial Balance respects date range filters
00:13 +69 ~68: D:/Flutterdattsoap/DattSoap-main/DattSoap-main/flutter_app/test/modules/accounting/accounting_engine_test.dart: Trial Balance ignores deleted voucher entries
00:13 +70 ~68: D:/Flutterdattsoap/DattSoap-main/DattSoap-main/flutter_app/test/modules/accounting/accounting_engine_test.dart: Financial Year Helpers returns previous-year start for March date
00:13 +71 ~68: D:/Flutterdattsoap/DattSoap-main/DattSoap-main/flutter_app/test/modules/accounting/accounting_engine_test.dart: Financial Year Helpers returns current-year start for April date
00:13 +72 ~68: D:/Flutterdattsoap/DattSoap-main/DattSoap-main/flutter_app/test/modules/accounting/accounting_engine_test.dart: Voucher Numbering increments voucher numbers across transactions
00:14 +73 ~68: D:/Flutterdattsoap/DattSoap-main/DattSoap-main/flutter_app/test/modules/accounting/accounting_shortcuts_scope_test.dart: activates accountant shortcuts on desktop
00:14 +74 ~68: D:/Flutterdattsoap/DattSoap-main/DattSoap-main/flutter_app/test/modules/accounting/accounting_shortcuts_scope_test.dart: activates accountant shortcuts on desktop
00:14 +75 ~68: D:/Flutterdattsoap/DattSoap-main/DattSoap-main/flutter_app/test/modules/accounting/accounting_shortcuts_scope_test.dart: activates accountant shortcuts on desktop
00:14 +76 ~68: D:/Flutterdattsoap/DattSoap-main/DattSoap-main/flutter_app/test/modules/accounting/accounting_shortcuts_scope_test.dart: does not activate shortcuts for non-accountant
00:15 +77 ~68: D:/Flutterdattsoap/DattSoap-main/DattSoap-main/flutter_app/test/modules/accounting/voucher_repository_test.dart: prevents duplicate vouchers for same transactionRefId + transactionType
WARNING [Accounting]: Duplicate voucher skipped: sales/TX-1
00:15 +78 ~68: D:/Flutterdattsoap/DattSoap-main/DattSoap-main/flutter_app/test/modules/accounting/voucher_repository_test.dart: throws on conflicting transactionType for same transactionRefId
00:15 +79 ~68: D:/Flutterdattsoap/DattSoap-main/DattSoap-main/flutter_app/test/modules/hr/services/payroll_calculator_test.dart: PayrollCalculator Tests Calculates hourly salary correctly
00:15 +80 ~68: D:/Flutterdattsoap/DattSoap-main/DattSoap-main/flutter_app/test/modules/hr/services/payroll_calculator_test.dart: PayrollCalculator Tests Calculates monthly salary correctly
00:15 +81 ~68: D:/Flutterdattsoap/DattSoap-main/DattSoap-main/flutter_app/test/modules/hr/services/payroll_calculator_test.dart: PayrollCalculator Tests Calculates zero if no rate/salary set
00:15 +82 ~68: D:/Flutterdattsoap/DattSoap-main/DattSoap-main/flutter_app/test/modules/hr/services/payroll_calculator_test.dart: PayrollCalculator Tests Handles null logout time gracefully
00:15 +83 ~68: D:/Flutterdattsoap/DattSoap-main/DattSoap-main/flutter_app/test/quality/emoji_encoding_guard_test.dart: lib sources do not contain mojibake markers
00:16 +83 ~68 -1: D:/Flutterdattsoap/DattSoap-main/DattSoap-main/flutter_app/test/quality/emoji_encoding_guard_test.dart: lib sources do not contain mojibake markers
00:16 +83 ~68 -1: D:/Flutterdattsoap/DattSoap-main/DattSoap-main/flutter_app/test/quality/non_code_ascii_guard_test.dart: non-code docs/config files are ASCII-only [E]
  Expected: empty
    Actual: [
              'D:\\Flutterdattsoap\\DattSoap-main\\DattSoap-main\\flutter_app\\DEPLOYMENT_CHECKLIST.md: contains non-ASCII U+2610',
              'D:\\Flutterdattsoap\\DattSoap-main\\DattSoap-main\\flutter_app\\FINAL_OPTIMIZED_STRUCTURE.md: contains non-ASCII U+1F4C1',
              'D:\\Flutterdattsoap\\DattSoap-main\\DattSoap-main\\flutter_app\\FOLDER_STRUCTURE.md: contains non-ASCII U+1F4C1',
              'D:\\Flutterdattsoap\\DattSoap-main\\DattSoap-main\\flutter_app\\q-dev-chat-2026-03-08.md: contains non-ASCII U+2705',
              'docs\\architecture.md: contains non-ASCII U+2192',
              'docs\\archive\\agent_reports\\ALL_FIXES_FINAL_SUMMARY.md: contains non-ASCII U+2705',
              'docs\\archive\\agent_reports\\BOTTOM_SAFE_AREA_AUDIT.md: contains non-ASCII U+2705',
              'docs\\archive\\agent_reports\\CUTTING_BATCH_FINAL_LOGIC.md: contains non-ASCII U+2705',
              'docs\\archive\\agent_reports\\CUTTING_BATCH_FIXES_SUMMARY.md: contains non-ASCII U+2705',
              'docs\\archive\\agent_reports\\CUTTING_BATCH_UX_AUDIT.md: contains non-ASCII U+1F50D',
              'docs\\archive\\agent_reports\\CUTTING_HISTORY_MINIMAL_IMPLEMENTATION.md: contains non-ASCII U+2705',
              'docs\\archive\\agent_reports\\CUTTING_HISTORY_UPGRADE_AUDIT.md: contains non-ASCII U+1F50D',
              'docs\\archive\\agent_reports\\FIXES_COMPLETED_SUMMARY.md: contains non-ASCII U+2705',
              'docs\\archive\\agent_reports\\FIX_TASKS_PLAN.md: contains non-ASCII U+1F527',
              'docs\\archive\\agent_reports\\LOCKED_FIXES_returns_service.md: contains non-ASCII U+1F512',
              'docs\\archive\\agent_reports\\MINOR_ISSUES_ANALYSIS.md: contains non-ASCII U+1F50D',
              'docs\\archive\\agent_reports\\PRODUCTION_FLOW_AUDIT.md: contains non-ASCII U+2192',
              'docs\\archive\\agent_reports\\PRODUCTION_SUPERVISOR_COMPLETE_AUDIT.md: contains non-ASCII U+1F4CB',
              'docs\\archive\\agent_reports\\ROLE_ACCESS_CONTROL_IMPLEMENTATION.md: contains non-ASCII U+2705',
              'docs\\archive\\agent_reports\\ROLE_SEPARATION_COMPLETE_AUDIT.md: contains non-ASCII U+1F465',
              'docs\\archive\\agent_reports\\SALESMAN_FIXES_SUMMARY.md: contains non-ASCII U+2705',
              'docs\\archive\\agent_reports\\SALESMAN_MOBILE_COMPLETE_AUDIT_2025.md: contains non-ASCII U+1F50D',
              'docs\\archive\\agent_reports\\SALESMAN_PAGES_AUDIT.md: contains non-ASCII U+1F4CB',
              'docs\\archive\\agent_reports\\SALESMAN_TARGET_REPORT_AUDIT.md: contains non-ASCII U+1F4CA',
              ...
            ]
  D:\Flutterdattsoap\DattSoap-main\DattSoap-main\flutter_app\DEPLOYMENT_CHECKLIST.md: contains non-ASCII U+2610
  D:\Flutterdattsoap\DattSoap-main\DattSoap-main\flutter_app\FINAL_OPTIMIZED_STRUCTURE.md: contains non-ASCII U+1F4C1
  D:\Flutterdattsoap\DattSoap-main\DattSoap-main\flutter_app\FOLDER_STRUCTURE.md: contains non-ASCII U+1F4C1
  D:\Flutterdattsoap\DattSoap-main\DattSoap-main\flutter_app\q-dev-chat-2026-03-08.md: contains non-ASCII U+2705
  docs\architecture.md: contains non-ASCII U+2192
  docs\archive\agent_reports\ALL_FIXES_FINAL_SUMMARY.md: contains non-ASCII U+2705
  docs\archive\agent_reports\BOTTOM_SAFE_AREA_AUDIT.md: contains non-ASCII U+2705
  docs\archive\agent_reports\CUTTING_BATCH_FINAL_LOGIC.md: contains non-ASCII U+2705
  docs\archive\agent_reports\CUTTING_BATCH_FIXES_SUMMARY.md: contains non-ASCII U+2705
  docs\archive\agent_reports\CUTTING_BATCH_UX_AUDIT.md: contains non-ASCII U+1F50D
  docs\archive\agent_reports\CUTTING_HISTORY_MINIMAL_IMPLEMENTATION.md: contains non-ASCII U+2705
  docs\archive\agent_reports\CUTTING_HISTORY_UPGRADE_AUDIT.md: contains non-ASCII U+1F50D
  docs\archive\agent_reports\FIXES_COMPLETED_SUMMARY.md: contains non-ASCII U+2705
  docs\archive\agent_reports\FIX_TASKS_PLAN.md: contains non-ASCII U+1F527
  docs\archive\agent_reports\LOCKED_FIXES_returns_service.md: contains non-ASCII U+1F512
  docs\archive\agent_reports\MINOR_ISSUES_ANALYSIS.md: contains non-ASCII U+1F50D
  docs\archive\agent_reports\PRODUCTION_FLOW_AUDIT.md: contains non-ASCII U+2192
  docs\archive\agent_reports\PRODUCTION_SUPERVISOR_COMPLETE_AUDIT.md: contains non-ASCII U+1F4CB
  docs\archive\agent_reports\ROLE_ACCESS_CONTROL_IMPLEMENTATION.md: contains non-ASCII U+2705
  docs\archive\agent_reports\ROLE_SEPARATION_COMPLETE_AUDIT.md: contains non-ASCII U+1F465
  docs\archive\agent_reports\SALESMAN_FIXES_SUMMARY.md: contains non-ASCII U+2705
  docs\archive\agent_reports\SALESMAN_MOBILE_COMPLETE_AUDIT_2025.md: contains non-ASCII U+1F50D
  docs\archive\agent_reports\SALESMAN_PAGES_AUDIT.md: contains non-ASCII U+1F4CB
  docs\archive\agent_reports\SALESMAN_TARGET_REPORT_AUDIT.md: contains non-ASCII U+1F4CA
  docs\archive\agent_reports\SYNC_PERMISSION_AUDIT.md: contains non-ASCII U+2192
  docs\archive\audit_reports\ABSOLUTE_FINAL_AUDIT_REPORT.md: contains non-ASCII U+2705
  docs\archive\audit_reports\ABSOLUTE_FINAL_HINDI.md: contains non-ASCII U+2705
  docs\archive\audit_reports\AUDIT_FIXES_COMPLETION_SUMMARY.md: contains non-ASCII U+2705
  docs\archive\audit_reports\BHATTI_AUDIT_FEATURE.md: contains non-ASCII U+2705
  docs\archive\audit_reports\BHATTI_AUDIT_REPORT.md: contains non-ASCII U+1F50D
  docs\archive\audit_reports\BHATTI_MOBILE_FIRST_AUDIT.md: contains non-ASCII U+1F4F1
  docs\archive\audit_reports\BHATTI_SUPERVISOR_COMPLETE_AUDIT_2024.md: contains non-ASCII U+1F525
  docs\archive\audit_reports\BHATTI_TECHNICAL_AUDIT.md: contains non-ASCII U+1F4CB
  docs\archive\audit_reports\BHATTI_UX_QUICK_BUTTONS_AUDIT.md: contains non-ASCII U+1F3AF
  docs\archive\audit_reports\COMPLETE_AUDIT_FINAL_REPORT.md: contains non-ASCII U+2705
  docs\archive\audit_reports\COMPLETE_AUDIT_HINDI_FINAL.md: contains non-ASCII U+2705
  docs\archive\audit_reports\COMPLETE_PROJECT_AUDIT_2024.md: contains non-ASCII U+2705
  docs\archive\audit_reports\DEALER_DISPATCH_DISCOUNT_AUDIT.md: contains non-ASCII U+0938
  docs\archive\audit_reports\DEEP_MATHEMATICAL_AUDIT_REPORT.md: contains non-ASCII U+2705
  docs\archive\audit_reports\DEEP_TECHNICAL_AUDIT.md: contains non-ASCII U+1F50D
  docs\archive\audit_reports\ERP_SYSTEM_AUDIT_REPORT.md: contains non-ASCII U+1F50D
  docs\archive\audit_reports\FINAL_AUDIT_SUMMARY.md: contains non-ASCII U+2705
  docs\archive\audit_reports\FINAL_AUDIT_SUMMARY_HINDI.md: contains non-ASCII U+2705
  docs\archive\audit_reports\IMPORT_EXPORT_AUDIT.md: contains non-ASCII U+1F4CA
  docs\archive\audit_reports\INTEGRATION_AUDIT.md: contains non-ASCII U+26A0
  docs\archive\audit_reports\LOG_AUDIT_ISSUES.md: contains non-ASCII U+1F534
  docs\archive\audit_reports\MULTI_UNIT_INVENTORY_AUDIT.md: contains non-ASCII U+1F4E6
  docs\archive\audit_reports\NOTIFICATION_ROUTING_AUDIT.md: contains non-ASCII U+274C
  docs\archive\audit_reports\PRODUCTION_READINESS_AUDIT.md: contains non-ASCII U+2705
  docs\archive\audit_reports\PRODUCTION_REPORT_AUDIT.md: contains non-ASCII U+1F50D
  docs\archive\audit_reports\PRODUCT_IMAGES_AUDIT.md: contains non-ASCII U+2705
  docs\archive\audit_reports\PRODUCT_IMAGES_AUDIT_FINAL.md: contains non-ASCII U+1F50D
  docs\archive\audit_reports\PROJECT_AUDIT_SUMMARY.md: contains non-ASCII U+2014
  docs\archive\audit_reports\SALESMAN_PAGES_FINAL_AUDIT.md: contains non-ASCII U+2705
  docs\archive\audit_reports\SALESMAN_REPORT_AUDIT.md: contains non-ASCII U+1F50D
  docs\archive\audit_reports\SECURITY_AUDIT_NOTIFICATION_ROUTING.md: contains non-ASCII U+1F534
  docs\archive\audit_reports\T1_T17_FINAL_AUDIT_REPORT.md: contains non-ASCII U+2705
  docs\archive\audit_reports\T1_T17_IMPLEMENTATION_AUDIT.md: contains non-ASCII U+2753
  docs\archive\dev_notes\DISPLAY_UNIT_CHANGE_GUIDE.md: contains non-ASCII U+2705
  docs\archive\dev_notes\ERP_FIX_IMPLEMENTATION_PLAN.md: contains non-ASCII U+1F527
  docs\archive\dev_notes\FRAMEWORK_ERROR_ANALYSIS.md: contains non-ASCII U+2705
  docs\archive\dev_notes\HR_QUICK_REFERENCE.md: contains non-ASCII U+1F3AF
  docs\archive\dev_notes\MATERIAL_ISSUE_VISUAL_GUIDE.md: contains non-ASCII U+250C
  docs\archive\dev_notes\PRODUCTION_STOCK_ANALYSIS.md: contains non-ASCII U+2193
  docs\archive\dev_notes\SALESMAN_TARGET_REPORT_IMPLEMENTATION_HINDI.md: contains non-ASCII U+1F3AF
  docs\archive\dev_notes\SERVICES_ANALYSIS_COMPLETE.md: contains non-ASCII U+2705
  docs\archive\dev_notes\STOCK_FLOW_ANALYSIS.md: contains non-ASCII U+2705
  docs\archive\feature_reports\BHATTI_ISSUE_MATERIAL_COMPLETE.md: contains non-ASCII U+2705
  docs\archive\feature_reports\BHATTI_MOBILE_IMPROVEMENTS_IMPLEMENTED.md: contains non-ASCII U+2705
  docs\archive\feature_reports\BOTTOM_SAFE_AREA_IMPLEMENTATION.md: contains non-ASCII U+0938
  docs\archive\feature_reports\BOTTOM_SAFE_AREA_QUICK_REFERENCE.md: contains non-ASCII U+1F680
  docs\archive\feature_reports\DEALER_DISPATCH_DISCOUNT_FIX_SUMMARY.md: contains non-ASCII U+0938
  docs\archive\feature_reports\FLUTTER_ANALYZE_FIXES.md: contains non-ASCII U+2705
  docs\archive\feature_reports\FLUTTER_ANALYZE_STATUS.md: contains non-ASCII U+2705
  docs\archive\feature_reports\HR_IMPROVEMENTS.md: contains non-ASCII U+2705
  docs\archive\feature_reports\HR_MODULE_IMPROVEMENTS.md: contains non-ASCII U+2705
  docs\archive\feature_reports\IMAGE_STORAGE_IMPLEMENTATION.md: contains non-ASCII U+2705
  docs\archive\feature_reports\LOGOUT_PERMISSION_FIX.md: contains non-ASCII U+0938
  docs\archive\feature_reports\MATERIAL_ISSUE_COMPLETE.md: contains non-ASCII U+2705
  docs\archive\feature_reports\MATERIAL_ISSUE_IMPROVEMENTS.md: contains non-ASCII U+2705
  docs\archive\feature_reports\NOTIFICATION_ROUTING_IMPLEMENTATION.md: contains non-ASCII U+2705
  docs\archive\feature_reports\PRODUCTION_REPORT_FIXED.md: contains non-ASCII U+2705
  docs\archive\feature_reports\PRODUCT_IMAGES_COMPLETE.md: contains non-ASCII U+2705
  docs\archive\feature_reports\PRODUCT_IMAGES_IMPLEMENTATION.md: contains non-ASCII U+2705
  docs\archive\feature_reports\PRODUCT_IMAGE_ADD_GUIDE.md: contains non-ASCII U+0915
  docs\archive\feature_reports\PRODUCT_IMAGE_ADD_IMPLEMENTATION.md: contains non-ASCII U+2705
  docs\archive\feature_reports\SALESMAN_PAGES_FIXES_COMPLETE.md: contains non-ASCII U+2705
  docs\archive\feature_reports\SALES_IMPORT_EXPORT_IMPLEMENTATION.md: contains non-ASCII U+2705
  docs\archive\feature_reports\SALES_IMPORT_EXPORT_UI_COMPLETE.md: contains non-ASCII U+2705
  docs\archive\feature_reports\SECURITY_FIXES_SUMMARY.md: contains non-ASCII U+2705
  docs\archive\feature_reports\SECURITY_VALIDATION_COMPLETE.md: contains non-ASCII U+2705
  docs\archive\feature_reports\SYNC_QUEUE_STUCK_SALE_FIX.md: contains non-ASCII U+0938
  docs\archive\feature_reports\SYNC_STABILIZATION_COMPLETE.md: contains non-ASCII U+2705
  docs\archive\feature_reports\TRANSACTION_RESET_IMPLEMENTATION_SUMMARY.md: contains non-ASCII U+2705
  docs\archive\implementation_reports\DEPLOYMENT_READINESS_FINAL.md: contains non-ASCII U+2705
  docs\archive\implementation_reports\FINAL_CLEAN_STATUS.md: contains non-ASCII U+2705
  docs\archive\implementation_reports\FINAL_IMPLEMENTATION_SUMMARY.md: contains non-ASCII U+2705
  docs\archive\implementation_reports\FINAL_PRODUCTION_CLOSURE_EXECUTIVE_SUMMARY.md: contains non-ASCII U+2705
  docs\archive\implementation_reports\FINAL_PRODUCTION_CLOSURE_REPORT.md: contains non-ASCII U+26A0
  docs\archive\implementation_reports\FINAL_VALIDATION_REPORT.md: contains non-ASCII U+2705
  docs\archive\implementation_reports\HANDOVER_COMPLETE.md: contains non-ASCII U+1F3AF
  docs\archive\implementation_reports\IMPLEMENTATION_COMPLETE.md: contains non-ASCII U+2705
  docs\archive\implementation_reports\IMPLEMENTATION_COMPLETE_100_PERCENT.md: contains non-ASCII U+1F389
  docs\archive\implementation_reports\IMPLEMENTATION_PROGRESS.md: contains non-ASCII U+2192
  docs\archive\implementation_reports\IMPLEMENTATION_ROADMAP_100_PERCENT.md: contains non-ASCII U+1F4CB
  docs\archive\implementation_reports\INTEGRATION_STATUS.md: contains non-ASCII U+2705
  docs\archive\implementation_reports\TEST_RESULTS_FINAL.md: contains non-ASCII U+2705
  docs\archive\implementation_reports\V2_IMPLEMENTATION_COMPLETE.md: contains non-ASCII U+2705
  docs\archive\implementation_reports\V2_IMPLEMENTATION_SUMMARY.md: contains non-ASCII U+2705
  docs\archive\implementation_reports\V2_PHASE_SUMMARY.md: contains non-ASCII U+0939
  docs\archive\migration_reports\MIGRATION_V2-7_REPORT.md: contains non-ASCII U+2705
  docs\archive\migration_reports\MIGRATION_V2-7_SUMMARY.md: contains non-ASCII U+2705
  docs\archive\migration_reports\V2_PHASE_AUDIT_REPORT.md: contains non-ASCII U+2705
  docs\archive\migration_reports\V2_UPGRADE_AUDIT_REPORT.md: contains non-ASCII U+1F4CB
  docs\archive\migration_reports\V2_UPGRADE_CORRECTED_AUDIT.md: contains non-ASCII U+26A0
  docs\archive\migration_reports\V2_UPGRADE_FINAL_AUDIT.md: contains non-ASCII U+2705
  docs\archive\migration_reports\V2_UPGRADE_QUICK_FIX.md: contains non-ASCII U+1F3AF
  docs\archive\migration_reports\VERSION_1.0.22_BUILD.md: contains non-ASCII U+2705
  docs\archive\task_reports\T10_BOM_COMPLETE.md: contains non-ASCII U+2705
  docs\archive\task_reports\T10_BOM_IMPLEMENTATION_PLAN.md: contains non-ASCII U+2192
  docs\archive\task_reports\T10_CLOSEOUT_REPORT.md: contains non-ASCII U+2705
  docs\archive\task_reports\T10_IMPLEMENTATION_PROGRESS.md: contains non-ASCII U+2705
  docs\archive\task_reports\T10_WATER_EVAPORATION_HANDLING.md: contains non-ASCII U+2190
  docs\archive\task_reports\T13_IMPLEMENTATION_SUMMARY.md: contains non-ASCII U+2705
  docs\archive\task_reports\T13_T17_IMPLEMENTATION_SUMMARY.md: contains non-ASCII U+2705
  docs\archive\task_reports\T1_T17_AUDIT_HINDI_SUMMARY.md: contains non-ASCII U+2705
  docs\archive\task_reports\T2_FIX_COMPLETE_SUMMARY.md: contains non-ASCII U+2705
  docs\archive\task_reports\T2_IMPLEMENTATION_SUMMARY.md: contains non-ASCII U+2705
  docs\archive\task_reports\T3_T10_VERIFICATION_REPORT.md: contains non-ASCII U+2705
  docs\archive\task_reports\T5_T6_VERIFICATION_SUMMARY.md: contains non-ASCII U+2705
  docs\archive\task_reports\T8_T9_T10_QUICK_CHECK.md: contains non-ASCII U+2705
  docs\archive\task_reports\T9_P5_CLOSEOUT_REPORT.md: contains non-ASCII U+2705
  docs\AUTO_SYNC_ALL_ROLES_VERIFICATION.md: contains non-ASCII U+2705
  docs\AUTO_SYNC_FINAL_AUDIT.md: contains non-ASCII U+2705
  docs\AUTO_SYNC_FINAL_REPORT.md: contains non-ASCII U+2705
  docs\AUTO_SYNC_IMPLEMENTATION_COMPLETE.md: contains non-ASCII U+2705
  docs\AUTO_SYNC_USER_GUIDE.md: contains non-ASCII U+1F4F1
  docs\data_model.md: contains non-ASCII U+1F4CA
  docs\DOCUMENTATION_AUDIT_REPORT.md: contains non-ASCII U+2705
  docs\FIREBASE_CONFIGURATION_AUDIT.md: contains non-ASCII U+2705
  docs\FLUTTER_ANALYZE_REPORT.md: contains non-ASCII U+2705
  docs\FULL_PROJECT_AUDIT_REPORT.md: contains non-ASCII U+092A
  docs\modules\bhatti_module.md: contains non-ASCII U+2705
  docs\modules\cutting_module.md: contains non-ASCII U+2248
  docs\modules\production_module.md: contains non-ASCII U+00B1
  docs\MODULE_WISE_WHATSAPP_VERIFICATION.md: contains non-ASCII U+2705
  docs\ORGANIZATION_GUIDELINES.md: contains non-ASCII U+1F4CB
  docs\README.md: contains non-ASCII U+1F4DA
  docs\security_rbac.md: contains non-ASCII U+2705
  docs\STORAGE_RULES.md: contains non-ASCII U+2705
  docs\sync_system.md: contains non-ASCII U+2193
  docs\utilities_constants.md: contains non-ASCII U+20B9
  docs\WHATSAPP_BEHAVIOR_VERIFICATION.md: contains non-ASCII U+2705
  docs\WHATSAPP_LIKE_AUTO_SYNC_RESEARCH.md: contains non-ASCII U+1F3AF
  docs\WHATSAPP_MESSAGE_FULL_IMPLEMENTATION.md: contains non-ASCII U+2705
  docs\WHATSAPP_MESSAGE_IMPLEMENTATION_COMPLETE.md: contains non-ASCII U+2705
  docs\WHATSAPP_MESSAGE_IMPLEMENTATION_GUIDE.md: contains non-ASCII U+091C
  docs\WHATSAPP_MESSAGE_SUMMARY.md: contains non-ASCII U+091C
  docs\WHATSAPP_MESSAGE_SYNC_AUDIT.md: contains non-ASCII U+091C
  docs\WHATSAPP_STABILITY_AUDIT.md: contains non-ASCII U+0935
  docs\WHATSAPP_STABILITY_ROOT_CAUSE.md: contains non-ASCII U+0935
  
  package:matcher                                     expect
  package:flutter_test/src/widget_tester.dart 473:18  expect
  test\quality\non_code_ascii_guard_test.dart 75:5    main.<fn>
  
00:16 +84 ~68 -1: D:/Flutterdattsoap/DattSoap-main/DattSoap-main/flutter_app/test/quality/tank_grid_layout_lock_test.dart: tank grid auto-adapts columns on desktop widths
00:16 +85 ~68 -1: D:/Flutterdattsoap/DattSoap-main/DattSoap-main/flutter_app/test/quality/tank_grid_layout_lock_test.dart: tank grid uses compact fallback columns on smaller widths
00:18 +86 ~68 -1: D:/Flutterdattsoap/DattSoap-main/DattSoap-main/flutter_app/test/screens/bhatti/bhatti_dashboard_kpi_layout_lock_test.dart: bhatti dashboard keeps two KPI cards per row on mobile widths
00:18 +87 ~68 -1: D:/Flutterdattsoap/DattSoap-main/DattSoap-main/flutter_app/test/screens/bhatti/bhatti_dashboard_kpi_layout_lock_test.dart: bhatti dashboard switches to four KPI cards per row on desktop
00:18 +88 ~68 -1: D:/Flutterdattsoap/DattSoap-main/DattSoap-main/flutter_app/test/screens/bhatti/bhatti_dashboard_kpi_layout_lock_test.dart: bhatti dashboard uses compact aspect ratio on mobile
00:18 +89 ~68 -1: D:/Flutterdattsoap/DattSoap-main/DattSoap-main/flutter_app/test/screens/bhatti/bhatti_material_layout_lock_test.dart: formula material rows stay inline on mobile widths
00:18 +90 ~68 -1: D:/Flutterdattsoap/DattSoap-main/DattSoap-main/flutter_app/test/screens/bhatti/bhatti_material_layout_lock_test.dart: formula material rows use classic field layout on tablet/desktop
00:19 +91 ~68 -1: D:/Flutterdattsoap/DattSoap-main/DattSoap-main/flutter_app/test/screens/bhatti/bhatti_material_matching_test.dart: normalizes material token across spacing and separators
00:19 +92 ~68 -1: D:/Flutterdattsoap/DattSoap-main/DattSoap-main/flutter_app/test/screens/bhatti/bhatti_material_matching_test.dart: matches tank and formula material by name when ids differ
00:19 +93 ~68 -1: D:/Flutterdattsoap/DattSoap-main/DattSoap-main/flutter_app/test/screens/bhatti/bhatti_material_matching_test.dart: matches by id even when names differ
00:19 +94 ~68 -1: D:/Flutterdattsoap/DattSoap-main/DattSoap-main/flutter_app/test/screens/bhatti/bhatti_material_matching_test.dart: does not match unrelated materials
00:19 +95 ~68 -1: D:/Flutterdattsoap/DattSoap-main/DattSoap-main/flutter_app/test/screens/inventory/inventory_scope_filter_test.dart: bhatti supervisor includes unscoped legacy product in restricted unit scope
00:20 +96 ~68 -1: D:/Flutterdattsoap/DattSoap-main/DattSoap-main/flutter_app/test/screens/inventory/inventory_scope_filter_test.dart: bhatti supervisor still blocks product scoped to another unit
00:20 +97 ~68 -1: D:/Flutterdattsoap/DattSoap-main/DattSoap-main/flutter_app/test/screens/inventory/inventory_scope_filter_test.dart: non-bhatti role keeps strict block for unscoped product
00:20 +98 ~68 -1: D:/Flutterdattsoap/DattSoap-main/DattSoap-main/flutter_app/test/screens/management/formulas_visibility_lock_test.dart: bhatti supervisor sees formula when scope label format differs
00:20 +99 ~68 -1: D:/Flutterdattsoap/DattSoap-main/DattSoap-main/flutter_app/test/screens/management/formulas_visibility_lock_test.dart: bhatti supervisor does not see other bhatti scoped formula
00:20 +100 ~68 -1: D:/Flutterdattsoap/DattSoap-main/DattSoap-main/flutter_app/test/screens/management/formulas_visibility_lock_test.dart: bhatti supervisor sees global and legacy-unscoped formulas
00:23 +101 ~68 -1: D:/Flutterdattsoap/DattSoap-main/DattSoap-main/flutter_app/test/screens/purchase_orders/purchase_order_form_screen_test.dart: hasDuplicateProductLine detects existing product in order lines
00:23 +102 ~68 -1: D:/Flutterdattsoap/DattSoap-main/DattSoap-main/flutter_app/test/services/auto_sync_test.dart: Auto-Sync Functionality sync flags should be enabled
00:23 +103 ~68 -1: D:/Flutterdattsoap/DattSoap-main/DattSoap-main/flutter_app/test/services/auto_sync_test.dart: Auto-Sync Functionality debounce delay should be optimized
00:23 +104 ~68 -1: D:/Flutterdattsoap/DattSoap-main/DattSoap-main/flutter_app/test/services/auto_sync_test.dart: Auto-Sync Functionality bulk sync interval should be frequent
00:23 +105 ~68 -1: D:/Flutterdattsoap/DattSoap-main/DattSoap-main/flutter_app/test/services/auto_sync_test.dart: Auto-Sync Functionality sync should trigger on data change
00:23 +106 ~68 -1: D:/Flutterdattsoap/DattSoap-main/DattSoap-main/flutter_app/test/services/auto_sync_test.dart: Auto-Sync Functionality sync should trigger on network restore
00:23 +107 ~68 -1: D:/Flutterdattsoap/DattSoap-main/DattSoap-main/flutter_app/test/services/auto_sync_test.dart: Auto-Sync Functionality sync should trigger on login
00:23 +108 ~68 -1: D:/Flutterdattsoap/DattSoap-main/DattSoap-main/flutter_app/test/services/auto_sync_test.dart: Auto-Sync Functionality status indicator should show correct state
00:23 +109 ~68 -1: D:/Flutterdattsoap/DattSoap-main/DattSoap-main/flutter_app/test/services/auto_sync_test.dart: Auto-Sync Functionality multiple data changes should be debounced
00:23 +110 ~68 -1: D:/Flutterdattsoap/DattSoap-main/DattSoap-main/flutter_app/test/services/auto_sync_test.dart: Auto-Sync Functionality offline queue should sync when online
00:23 +111 ~68 -1: D:/Flutterdattsoap/DattSoap-main/DattSoap-main/flutter_app/test/services/auto_sync_test.dart: Auto-Sync Functionality sync should not trigger when already syncing
00:23 +112 ~68 -1: D:/Flutterdattsoap/DattSoap-main/DattSoap-main/flutter_app/test/services/auto_sync_test.dart: Auto-Sync Functionality periodic sync should run in background
00:23 +113 ~68 -1: D:/Flutterdattsoap/DattSoap-main/DattSoap-main/flutter_app/test/services/auto_sync_test.dart: Auto-Sync Edge Cases should handle sync failure gracefully
00:23 +114 ~68 -1: D:/Flutterdattsoap/DattSoap-main/DattSoap-main/flutter_app/test/services/auto_sync_test.dart: Auto-Sync Edge Cases should pause sync when app is paused
00:23 +115 ~68 -1: D:/Flutterdattsoap/DattSoap-main/DattSoap-main/flutter_app/test/services/auto_sync_test.dart: Auto-Sync Edge Cases should resume sync when app is resumed
00:23 +116 ~68 -1: D:/Flutterdattsoap/DattSoap-main/DattSoap-main/flutter_app/test/services/auto_sync_test.dart: Auto-Sync Edge Cases should handle no internet gracefully
00:23 +117 ~68 -1: D:/Flutterdattsoap/DattSoap-main/DattSoap-main/flutter_app/test/services/bhatti_complete_batch_test.dart: BUG 1 ΓÇô Output KG Conversion Logic 10 boxes ├ù 200 g/box should equal 2.0 KG
00:24 +118 ~68 -1: D:/Flutterdattsoap/DattSoap-main/DattSoap-main/flutter_app/test/services/bhatti_complete_batch_test.dart: BUG 1 ΓÇô Output KG Conversion Logic 5 boxes ├ù 500 g/box should equal 2.5 KG
00:24 +119 ~68 -1: D:/Flutterdattsoap/DattSoap-main/DattSoap-main/flutter_app/test/services/bhatti_complete_batch_test.dart: BUG 1 ΓÇô Output KG Conversion Logic 0 g/box (missing unit weight) falls back to 1.0 KG/box
00:24 +120 ~68 -1: D:/Flutterdattsoap/DattSoap-main/DattSoap-main/flutter_app/test/services/bhatti_complete_batch_test.dart: BUG 1 ΓÇô Output KG Conversion Logic 1000 g/box means 1 KG per box
00:24 +121 ~68 -1: D:/Flutterdattsoap/DattSoap-main/DattSoap-main/flutter_app/test/services/bhatti_complete_batch_test.dart: BUG 1 ΓÇô Output KG Conversion Logic output KG should NOT equal raw outputBoxes when unitWeightGrams != 1000
00:24 +122 ~68 -1: D:/Flutterdattsoap/DattSoap-main/DattSoap-main/flutter_app/test/services/bhatti_complete_batch_test.dart: BUG 2 ΓÇô Tank Edit Guard Logic empty tankConsumptions allows edit (no throw)
00:24 +123 ~68 -1: D:/Flutterdattsoap/DattSoap-main/DattSoap-main/flutter_app/test/services/bhatti_complete_batch_test.dart: BUG 2 ΓÇô Tank Edit Guard Logic non-empty tankConsumptions throws correct exception
00:24 +124 ~68 -1: D:/Flutterdattsoap/DattSoap-main/DattSoap-main/flutter_app/test/services/bhatti_complete_batch_test.dart: BUG 2 ΓÇô Tank Edit Guard Logic exception message contains expected text
00:24 +125 ~68 -1: D:/Flutterdattsoap/DattSoap-main/DattSoap-main/flutter_app/test/services/bhatti_complete_batch_test.dart: BUG 5 ΓÇô Department Name Normalization Logic Trims whitespace
00:24 +126 ~68 -1: D:/Flutterdattsoap/DattSoap-main/DattSoap-main/flutter_app/test/services/bhatti_complete_batch_test.dart: BUG 5 ΓÇô Department Name Normalization Logic Converts to lowercase
00:24 +127 ~68 -1: D:/Flutterdattsoap/DattSoap-main/DattSoap-main/flutter_app/test/services/bhatti_complete_batch_test.dart: BUG 5 ΓÇô Department Name Normalization Logic Same-cased names produce identical keys
00:24 +128 ~68 -1: D:/Flutterdattsoap/DattSoap-main/DattSoap-main/flutter_app/test/services/bhatti_complete_batch_test.dart: BUG 5 ΓÇô Department Name Normalization Logic Department stock ID uses normalized key
00:24 +129 ~68 -1: D:/Flutterdattsoap/DattSoap-main/DattSoap-main/flutter_app/test/services/bhatti_service_test.dart: T12: Bhatti Edit Audit Trail updateBhattiBatch creates reversal ledger entries
00:24 +130 ~68 -1: D:/Flutterdattsoap/DattSoap-main/DattSoap-main/flutter_app/test/services/bhatti_service_test.dart: T12: Bhatti Edit Audit Trail updateBhattiBatch creates consumption ledger entries
00:24 +131 ~68 -1: D:/Flutterdattsoap/DattSoap-main/DattSoap-main/flutter_app/test/services/bhatti_service_test.dart: T12: Bhatti Edit Audit Trail audit trail is complete for bhatti batch edit
00:25 +132 ~68 -1: D:/Flutterdattsoap/DattSoap-main/DattSoap-main/flutter_app/test/services/bom_validation_service_test.dart: BomValidationService - Valid Batches T10.1: Perfect batch passes validation
00:25 +133 ~68 -1: D:/Flutterdattsoap/DattSoap-main/DattSoap-main/flutter_app/test/services/bom_validation_service_test.dart: BomValidationService - Valid Batches T10.2: Batch within tolerance passes
00:25 +134 ~68 -1: D:/Flutterdattsoap/DattSoap-main/DattSoap-main/flutter_app/test/services/bom_validation_service_test.dart: BomValidationService - Missing Materials T10.3: Missing material fails validation
00:25 +135 ~68 -1: D:/Flutterdattsoap/DattSoap-main/DattSoap-main/flutter_app/test/services/bom_validation_service_test.dart: BomValidationService - Ratio Violations T10.4: Excessive deviation fails validation
00:25 +136 ~68 -1: D:/Flutterdattsoap/DattSoap-main/DattSoap-main/flutter_app/test/services/bom_validation_service_test.dart: BomValidationService - Yield Violations T10.5: Low yield fails validation
00:25 +137 ~68 -1: D:/Flutterdattsoap/DattSoap-main/DattSoap-main/flutter_app/test/services/bom_validation_service_test.dart: BomValidationService - Volatile Material Handling T10.6: Water evaporation calculated correctly
00:25 +138 ~68 -1: D:/Flutterdattsoap/DattSoap-main/DattSoap-main/flutter_app/test/services/bom_validation_service_test.dart: BomValidationService - Volatile Material Handling T10.7: Volatile loss validation within tolerance
00:25 +139 ~68 -1: D:/Flutterdattsoap/DattSoap-main/DattSoap-main/flutter_app/test/services/bom_validation_service_test.dart: BomValidationService - Volatile Material Handling T10.8: Excessive volatile loss fails validation
00:25 +140 ~68 -1: D:/Flutterdattsoap/DattSoap-main/DattSoap-main/flutter_app/test/services/cutting_batch_service_test.dart: T11: Cutting Batch Stock Plan Resolution resolveStockPlan returns correct structure
00:25 +141 ~68 -1: D:/Flutterdattsoap/DattSoap-main/DattSoap-main/flutter_app/test/services/cutting_batch_service_test.dart: T11: Cutting Batch Stock Plan Resolution UI validation uses resolved plan unit
00:25 +142 ~68 -1: D:/Flutterdattsoap/DattSoap-main/DattSoap-main/flutter_app/test/services/department_stock_flow_test.dart: (setUpAll)
00:26 +142 ~68 -1: D:/Flutterdattsoap/DattSoap-main/DattSoap-main/flutter_app/test/services/department_stock_flow_test.dart: Department Stock Issue & Return Flow Tests TEST-9: Department list consistency
00:26 +143 ~68 -1: D:/Flutterdattsoap/DattSoap-main/DattSoap-main/flutter_app/test/services/department_stock_flow_test.dart: (tearDownAll)
00:26 +143 ~68 -1: D:/Flutterdattsoap/DattSoap-main/DattSoap-main/flutter_app/test/services/master_data_hardening_test.dart: (setUpAll)
00:27 +144 ~68 -1: D:/Flutterdattsoap/DattSoap-main/DattSoap-main/flutter_app/test/services/master_data_hardening_test.dart: (setUpAll)
00:27 +145 ~68 -1: D:/Flutterdattsoap/DattSoap-main/DattSoap-main/flutter_app/test/services/master_data_hardening_test.dart: (setUpAll)
00:27 +146 ~68 -1: D:/Flutterdattsoap/DattSoap-main/DattSoap-main/flutter_app/test/services/master_data_hardening_test.dart: (setUpAll)
00:27 +147 ~68 -1: D:/Flutterdattsoap/DattSoap-main/DattSoap-main/flutter_app/test/services/master_data_hardening_test.dart: (setUpAll)
00:27 +148 ~68 -1: D:/Flutterdattsoap/DattSoap-main/DattSoap-main/flutter_app/test/services/master_data_hardening_test.dart: (setUpAll)
00:27 +149 ~68 -1: D:/Flutterdattsoap/DattSoap-main/DattSoap-main/flutter_app/test/services/master_data_hardening_test.dart: (setUpAll)
00:27 +150 ~68 -1: D:/Flutterdattsoap/DattSoap-main/DattSoap-main/flutter_app/test/services/master_data_hardening_test.dart: (setUpAll)
00:27 +151 ~68 -1: D:/Flutterdattsoap/DattSoap-main/DattSoap-main/flutter_app/test/services/master_data_hardening_test.dart: (setUpAll)
00:27 +151 ~68 -1: D:/Flutterdattsoap/DattSoap-main/DattSoap-main/flutter_app/test/services/master_data_hardening_test.dart: offline fallback returns local product types when remote is unavailable
00:27 +152 ~68 -1: D:/Flutterdattsoap/DattSoap-main/DattSoap-main/flutter_app/test/services/master_data_hardening_test.dart: deleteProductType prevents delete when products reference the type
ERROR [Service]: deleteProductType failed: Exception: Cannot delete product type "Raw Material" ΓÇö it is used by 1 product(s). Reassign those products first.
00:27 +153 ~68 -1: D:/Flutterdattsoap/DattSoap-main/DattSoap-main/flutter_app/test/services/master_data_hardening_test.dart: rename propagation keeps local products consistent for category rename
00:27 +154 ~68 -1: D:/Flutterdattsoap/DattSoap-main/DattSoap-main/flutter_app/test/services/master_data_hardening_test.dart: rename propagation keeps local products and categories consistent for product type rename
00:27 +155 ~68 -1: D:/Flutterdattsoap/DattSoap-main/DattSoap-main/flutter_app/test/services/master_data_hardening_test.dart: addProductType rejects duplicate active type names
ERROR [Service]: addProductType failed: Exception: Product type "Finished Good" already exists
00:27 +156 ~68 -1: D:/Flutterdattsoap/DattSoap-main/DattSoap-main/flutter_app/test/services/master_data_hardening_test.dart: read-only UI guards are present for mutating master data actions
00:27 +157 ~68 -1: D:/Flutterdattsoap/DattSoap-main/DattSoap-main/flutter_app/test/services/master_data_hardening_test.dart: (tearDownAll)
00:28 +157 ~68 -1: D:/Flutterdattsoap/DattSoap-main/DattSoap-main/flutter_app/test/services/purchase_order_receive_idempotency_test.dart: receiveStock replay does not double-post stock after finalize crash window
ERROR [Service]: ensureDefaultAccounts failed: LateInitializationError: Field '_isar@29454685' has not been initialized.
ERROR [Service]: enqueue failed: LateInitializationError: Field '_isar@29454685' has not been initialized.
WARNING [Accounting]: Purchase voucher posting skipped: LateInitializationError: Field '_isar@29454685' has not been initialized.
WARNING [Accounting]: LateInitializationError: Field '_isar@29454685' has not been initialized.
WARNING [Procurement]: Receive event ledger probe failed for PO 3d44215a-a511-4bcf-a905-976e64c24af4, eventId=receive_3d44215a-a511-4bcf-a905-976e64c24af4_prod-1:4.000000: LateInitializationError: Field '_isar@29454685' has not been initialized.
WARNING [Procurement]: Resuming pending receive finalize for PO 3d44215a-a511-4bcf-a905-976e64c24af4, eventId=receive_3d44215a-a511-4bcf-a905-976e64c24af4_prod-1:4.000000
00:28 +158 ~68 -1: D:/Flutterdattsoap/DattSoap-main/DattSoap-main/flutter_app/test/services/salesman_stock_flow_test.dart: TEST-1: Salesman Dispatch Stock Test Dispatch 20 units to salesman
ERROR [Service]: dispatchToSalesman failed: Exception: Authentication required for dispatch stock to salesman.
00:28 +158 ~68 -2: D:/Flutterdattsoap/DattSoap-main/DattSoap-main/flutter_app/test/services/salesman_stock_flow_test.dart: TEST-1: Salesman Dispatch Stock Test Dispatch 20 units to salesman [E]
  Unexpected error during dispatchToSalesman: Exception: Authentication required for dispatch stock to salesman.
  package:flutter_app/services/inventory_service.dart 2812:7  InventoryService.dispatchToSalesman
  
00:28 +158 ~68 -2: D:/Flutterdattsoap/DattSoap-main/DattSoap-main/flutter_app/test/services/salesman_stock_flow_test.dart: TEST-2: Salesman Full Return Test Return all 20 units after dispatch
ERROR [Service]: returnFromSalesman failed: Exception: Authentication required for return stock from salesman.
00:28 +158 ~68 -3: D:/Flutterdattsoap/DattSoap-main/DattSoap-main/flutter_app/test/services/salesman_stock_flow_test.dart: TEST-2: Salesman Full Return Test Return all 20 units after dispatch [E]
  Unexpected error during returnFromSalesman: Exception: Authentication required for return stock from salesman.
  package:flutter_app/services/inventory_service.dart 2762:7  InventoryService.returnFromSalesman
  
00:28 +158 ~68 -3: D:/Flutterdattsoap/DattSoap-main/DattSoap-main/flutter_app/test/services/salesman_stock_flow_test.dart: TEST-3: Salesman Partial Return Test Return 8 units out of 20 dispatched
ERROR [Service]: returnFromSalesman failed: Exception: Authentication required for return stock from salesman.
00:28 +158 ~68 -4: D:/Flutterdattsoap/DattSoap-main/DattSoap-main/flutter_app/test/services/salesman_stock_flow_test.dart: TEST-3: Salesman Partial Return Test Return 8 units out of 20 dispatched [E]
  Unexpected error during returnFromSalesman: Exception: Authentication required for return stock from salesman.
  package:flutter_app/services/inventory_service.dart 2762:7  InventoryService.returnFromSalesman
  
00:29 +158 ~68 -4: D:/Flutterdattsoap/DattSoap-main/DattSoap-main/flutter_app/test/services/sync_stabilization_service_test.dart: Sync Completion Verification Empty queue returns complete status
00:29 +159 ~68 -4: D:/Flutterdattsoap/DattSoap-main/DattSoap-main/flutter_app/test/services/t13_dispatch_atomic_transaction_test.dart: T13 - Dispatch Atomic Transaction dispatch sync includes route order update in transaction
00:29 +160 ~68 -4: D:/Flutterdattsoap/DattSoap-main/DattSoap-main/flutter_app/test/services/t13_dispatch_atomic_transaction_test.dart: T13 - Dispatch Atomic Transaction safe mode dispatch includes route order update in batch
00:29 +161 ~68 -4: D:/Flutterdattsoap/DattSoap-main/DattSoap-main/flutter_app/test/services/sync_stabilization_service_test.dart: Sync Completion Verification Pending items show in outbox count
00:29 +162 ~68 -4: D:/Flutterdattsoap/DattSoap-main/DattSoap-main/flutter_app/test/services/sync_stabilization_service_test.dart: Sync Completion Verification Pending items show in outbox count
00:29 +163 ~68 -4: D:/Flutterdattsoap/DattSoap-main/DattSoap-main/flutter_app/test/services/sync_stabilization_service_test.dart: Sync Completion Verification Pending items show in outbox count
00:29 +164 ~68 -4: D:/Flutterdattsoap/DattSoap-main/DattSoap-main/flutter_app/test/services/sync_stabilization_service_test.dart: Sync Completion Verification Pending items show in outbox count
00:29 +165 ~68 -4: D:/Flutterdattsoap/DattSoap-main/DattSoap-main/flutter_app/test/services/sync_stabilization_service_test.dart: Sync Completion Verification Conflict items show in error count
00:29 +166 ~68 -4: D:/Flutterdattsoap/DattSoap-main/DattSoap-main/flutter_app/test/services/sync_stabilization_service_test.dart: Sync Completion Verification Conflict items show in error count
00:29 +167 ~68 -4: D:/Flutterdattsoap/DattSoap-main/DattSoap-main/flutter_app/test/services/sync_stabilization_service_test.dart: Sync Completion Verification Conflict items show in error count
00:30 +168 ~68 -4: D:/Flutterdattsoap/DattSoap-main/DattSoap-main/flutter_app/test/services/sync_stabilization_service_test.dart: Cleanup Operations Cleans completed items
00:30 +169 ~68 -4: D:/Flutterdattsoap/DattSoap-main/DattSoap-main/flutter_app/test/services/sync_stabilization_service_test.dart: Cleanup Operations Auto-resolves stuck items (>7 days)
00:30 +170 ~68 -4: D:/Flutterdattsoap/DattSoap-main/DattSoap-main/flutter_app/test/services/sync_stabilization_service_test.dart: Cleanup Operations Auto-resolves stuck items (>7 days)
00:30 +171 ~68 -4: D:/Flutterdattsoap/DattSoap-main/DattSoap-main/flutter_app/test/services/sync_stabilization_service_test.dart: Cleanup Operations Auto-resolves stuck items (>7 days)
00:30 +172 ~68 -4: D:/Flutterdattsoap/DattSoap-main/DattSoap-main/flutter_app/test/services/sync_stabilization_service_test.dart: Cleanup Operations Auto-resolves stuck items (>7 days)
00:30 +173 ~68 -4: D:/Flutterdattsoap/DattSoap-main/DattSoap-main/flutter_app/test/services/sync_stabilization_service_test.dart: Cleanup Operations Does not delete recent pending items
00:30 +174 ~68 -4: D:/Flutterdattsoap/DattSoap-main/DattSoap-main/flutter_app/test/services/sync_stabilization_service_test.dart: Pending Summary Groups pending items by collection
00:31 +175 ~68 -4: D:/Flutterdattsoap/DattSoap-main/DattSoap-main/flutter_app/test/services/t16_retry_expiry_alignment_test.dart: T16: Retry Expiry Alignment OutboxCodec defaultMaxAttempts should be 8
00:31 +176 ~68 -4: D:/Flutterdattsoap/DattSoap-main/DattSoap-main/flutter_app/test/services/t16_retry_expiry_alignment_test.dart: T16: Retry Expiry Alignment expiry should use maxAttempts from meta, not hardcoded 20
00:31 +177 ~68 -4: D:/Flutterdattsoap/DattSoap-main/DattSoap-main/flutter_app/test/services/t16_retry_expiry_alignment_test.dart: T16: Retry Expiry Alignment expiry should respect custom maxAttempts configuration
00:31 +178 ~68 -4: D:/Flutterdattsoap/DattSoap-main/DattSoap-main/flutter_app/test/services/t16_retry_expiry_alignment_test.dart: T16: Retry Expiry Alignment expiry should fall back to defaultMaxAttempts if not specified
00:31 +179 ~68 -4: D:/Flutterdattsoap/DattSoap-main/DattSoap-main/flutter_app/test/services/t17_n_plus_one_optimization_test.dart: T17: N+1 Query Optimization bulk fetch should load all products at once
00:31 +180 ~68 -4: D:/Flutterdattsoap/DattSoap-main/DattSoap-main/flutter_app/test/services/t17_n_plus_one_optimization_test.dart: T17: N+1 Query Optimization in-memory map should be used for lookups
00:31 +181 ~68 -4: D:/Flutterdattsoap/DattSoap-main/DattSoap-main/flutter_app/test/services/t17_n_plus_one_optimization_test.dart: T17: N+1 Query Optimization bulk fetch should handle missing products
00:32 +182 ~68 -4: D:/Flutterdattsoap/DattSoap-main/DattSoap-main/flutter_app/test/services/t2_salesman_block_test.dart: T2: Block Salesman Stock Allocation salesman recipient type should be blocked
00:32 +183 ~68 -4: D:/Flutterdattsoap/DattSoap-main/DattSoap-main/flutter_app/test/services/t2_salesman_block_test.dart: T2: Block Salesman Stock Allocation customer recipient type should be allowed
00:32 +184 ~68 -4: D:/Flutterdattsoap/DattSoap-main/DattSoap-main/flutter_app/test/services/t2_salesman_block_test.dart: T2: Block Salesman Stock Allocation dealer recipient type should be allowed
00:32 +185 ~68 -4: D:/Flutterdattsoap/DattSoap-main/DattSoap-main/flutter_app/test/services/t2_salesman_block_test.dart: T2: Block Salesman Stock Allocation case insensitive blocking for SALESMAN
00:32 +186 ~68 -4: D:/Flutterdattsoap/DattSoap-main/DattSoap-main/flutter_app/test/services/t2_salesman_block_test.dart: T2: Block Salesman Stock Allocation guard is called before any stock mutation
00:32 +187 ~68 -4: D:/Flutterdattsoap/DattSoap-main/DattSoap-main/flutter_app/test/services/t2_salesman_block_test.dart: T2: Block Salesman Stock Allocation acceptance criteria verification
00:32 +188 ~68 -4: D:/Flutterdattsoap/DattSoap-main/DattSoap-main/flutter_app/test/utils/mobile_header_typography_test.dart: mobile header typography toggles by breakpoint width
00:32 +189 ~68 -4: D:/Flutterdattsoap/DattSoap-main/DattSoap-main/flutter_app/test/utils/mobile_header_typography_test.dart: buildProfessionalMobileHeaderTitleStyle enforces compact size
00:32 +190 ~68 -4: D:/Flutterdattsoap/DattSoap-main/DattSoap-main/flutter_app/test/utils/mobile_header_typography_test.dart: applyMobileHeaderTheme only updates appbar title style on mobile
00:33 +191 ~68 -4: D:/Flutterdattsoap/DattSoap-main/DattSoap-main/flutter_app/test/utils/unit_converter_test.dart: UnitConverter ΓÇö toBaseUnit converts boxes to pcs
00:33 +192 ~68 -4: D:/Flutterdattsoap/DattSoap-main/DattSoap-main/flutter_app/test/utils/unit_converter_test.dart: UnitConverter ΓÇö toBaseUnit handles fractional boxes
00:33 +193 ~68 -4: D:/Flutterdattsoap/DattSoap-main/DattSoap-main/flutter_app/test/utils/unit_converter_test.dart: UnitConverter ΓÇö toBaseUnit returns input unchanged when factor <= 0
00:33 +194 ~68 -4: D:/Flutterdattsoap/DattSoap-main/DattSoap-main/flutter_app/test/utils/unit_converter_test.dart: UnitConverter ΓÇö toSecondaryUnit converts pcs to boxes
00:33 +195 ~68 -4: D:/Flutterdattsoap/DattSoap-main/DattSoap-main/flutter_app/test/utils/unit_converter_test.dart: UnitConverter ΓÇö toSecondaryUnit handles non-exact division
00:33 +196 ~68 -4: D:/Flutterdattsoap/DattSoap-main/DattSoap-main/flutter_app/test/utils/unit_converter_test.dart: UnitConverter ΓÇö toSecondaryUnit returns input unchanged when factor <= 0
00:33 +197 ~68 -4: D:/Flutterdattsoap/DattSoap-main/DattSoap-main/flutter_app/test/utils/unit_converter_test.dart: UnitConverter ΓÇö fullSecondaryUnits floors correctly for whole quantities
00:33 +198 ~68 -4: D:/Flutterdattsoap/DattSoap-main/DattSoap-main/flutter_app/test/utils/unit_converter_test.dart: UnitConverter ΓÇö fullSecondaryUnits floors correctly for fractional quantities
00:33 +199 ~68 -4: D:/Flutterdattsoap/DattSoap-main/DattSoap-main/flutter_app/test/utils/unit_converter_test.dart: UnitConverter ΓÇö fullSecondaryUnits returns 0 for less than one full unit
00:33 +200 ~68 -4: D:/Flutterdattsoap/DattSoap-main/DattSoap-main/flutter_app/test/utils/unit_converter_test.dart: UnitConverter ΓÇö fullSecondaryUnits returns 0 when factor <= 1
00:33 +201 ~68 -4: D:/Flutterdattsoap/DattSoap-main/DattSoap-main/flutter_app/test/utils/unit_converter_test.dart: UnitConverter ΓÇö fullSecondaryUnits handles zero quantity
00:33 +202 ~68 -4: D:/Flutterdattsoap/DattSoap-main/DattSoap-main/flutter_app/test/utils/unit_converter_test.dart: UnitConverter ΓÇö remainingBaseUnits (int, backward-compat) returns truncated integer remainder
00:33 +203 ~68 -4: D:/Flutterdattsoap/DattSoap-main/DattSoap-main/flutter_app/test/utils/unit_converter_test.dart: UnitConverter ΓÇö remainingBaseUnits (int, backward-compat) truncates fractional remainder to int
00:33 +204 ~68 -4: D:/Flutterdattsoap/DattSoap-main/DattSoap-main/flutter_app/test/utils/unit_converter_test.dart: UnitConverter ΓÇö remainingBaseUnits (int, backward-compat) returns 0 for exact division
00:33 +205 ~68 -4: D:/Flutterdattsoap/DattSoap-main/DattSoap-main/flutter_app/test/utils/unit_converter_test.dart: UnitConverter ΓÇö remainingBaseUnits (int, backward-compat) returns baseQty as int when factor <= 1
00:33 +206 ~68 -4: D:/Flutterdattsoap/DattSoap-main/DattSoap-main/flutter_app/test/utils/unit_converter_test.dart: UnitConverter ΓÇö remainingBaseUnitsExact (double) returns exact fractional remainder for 74.5 Pcs / 12
00:33 +207 ~68 -4: D:/Flutterdattsoap/DattSoap-main/DattSoap-main/flutter_app/test/utils/unit_converter_test.dart: UnitConverter ΓÇö remainingBaseUnitsExact (double) returns 0.0 for exact division
00:33 +208 ~68 -4: D:/Flutterdattsoap/DattSoap-main/DattSoap-main/flutter_app/test/utils/unit_converter_test.dart: UnitConverter ΓÇö remainingBaseUnitsExact (double) returns exact remainder for whole numbers
00:33 +209 ~68 -4: D:/Flutterdattsoap/DattSoap-main/DattSoap-main/flutter_app/test/utils/unit_converter_test.dart: UnitConverter ΓÇö remainingBaseUnitsExact (double) returns baseQty unchanged when factor <= 1
00:33 +210 ~68 -4: D:/Flutterdattsoap/DattSoap-main/DattSoap-main/flutter_app/test/utils/unit_converter_test.dart: UnitConverter ΓÇö remainingBaseUnitsExact (double) handles zero quantity
00:33 +211 ~68 -4: D:/Flutterdattsoap/DattSoap-main/DattSoap-main/flutter_app/test/utils/unit_converter_test.dart: UnitConverter ΓÇö formatDual shows "6 Box + 2 Pcs" for 74 Pcs
00:33 +212 ~68 -4: D:/Flutterdattsoap/DattSoap-main/DattSoap-main/flutter_app/test/utils/unit_converter_test.dart: UnitConverter ΓÇö formatDual shows "6 Box + 2.5 Pcs" for 74.5 Pcs (fractional fix)
00:33 +213 ~68 -4: D:/Flutterdattsoap/DattSoap-main/DattSoap-main/flutter_app/test/utils/unit_converter_test.dart: UnitConverter ΓÇö formatDual shows "6 Box" for exact 72 Pcs
00:33 +214 ~68 -4: D:/Flutterdattsoap/DattSoap-main/DattSoap-main/flutter_app/test/utils/unit_converter_test.dart: UnitConverter ΓÇö formatDual shows "6 Box + 0 Pcs" with showZeroLoose for exact 72
00:33 +215 ~68 -4: D:/Flutterdattsoap/DattSoap-main/DattSoap-main/flutter_app/test/utils/unit_converter_test.dart: UnitConverter ΓÇö formatDual shows only loose when no full boxes
00:33 +216 ~68 -4: D:/Flutterdattsoap/DattSoap-main/DattSoap-main/flutter_app/test/utils/unit_converter_test.dart: UnitConverter ΓÇö formatDual shows plain format when no secondary unit
00:33 +217 ~68 -4: D:/Flutterdattsoap/DattSoap-main/DattSoap-main/flutter_app/test/utils/unit_converter_test.dart: UnitConverter ΓÇö formatDual shows plain format when conversionFactor is 1
00:33 +218 ~68 -4: D:/Flutterdattsoap/DattSoap-main/DattSoap-main/flutter_app/test/utils/unit_converter_test.dart: UnitConverter ΓÇö formatDual handles zero quantity
00:33 +219 ~68 -4: D:/Flutterdattsoap/DattSoap-main/DattSoap-main/flutter_app/test/utils/unit_converter_test.dart: UnitConverter ΓÇö formatCompact shows multi-line for boxes + loose
00:33 +220 ~68 -4: D:/Flutterdattsoap/DattSoap-main/DattSoap-main/flutter_app/test/utils/unit_converter_test.dart: UnitConverter ΓÇö formatCompact shows fractional loose in compact format
00:33 +221 ~68 -4: D:/Flutterdattsoap/DattSoap-main/DattSoap-main/flutter_app/test/utils/unit_converter_test.dart: UnitConverter ΓÇö formatCompact shows only boxes when exact division
00:33 +222 ~68 -4: D:/Flutterdattsoap/DattSoap-main/DattSoap-main/flutter_app/test/utils/unit_converter_test.dart: UnitConverter ΓÇö hasSecondaryUnit returns true for valid secondary unit and factor > 1
00:33 +223 ~68 -4: D:/Flutterdattsoap/DattSoap-main/DattSoap-main/flutter_app/test/utils/unit_converter_test.dart: UnitConverter ΓÇö hasSecondaryUnit returns false when secondaryUnit is null
00:33 +224 ~68 -4: D:/Flutterdattsoap/DattSoap-main/DattSoap-main/flutter_app/test/utils/unit_converter_test.dart: UnitConverter ΓÇö hasSecondaryUnit returns false when secondaryUnit is empty
00:33 +225 ~68 -4: D:/Flutterdattsoap/DattSoap-main/DattSoap-main/flutter_app/test/utils/unit_converter_test.dart: UnitConverter ΓÇö hasSecondaryUnit returns false when conversionFactor is 1
00:33 +226 ~68 -4: D:/Flutterdattsoap/DattSoap-main/DattSoap-main/flutter_app/test/utils/unit_converter_test.dart: UnitConverter ΓÇö hasSecondaryUnit returns false when conversionFactor < 1
00:33 +227 ~68 -4: D:/Flutterdattsoap/DattSoap-main/DattSoap-main/flutter_app/test/utils/unit_converter_test.dart: UnitConverter ΓÇö validateConversionFactor returns null when no secondary unit set
00:33 +228 ~68 -4: D:/Flutterdattsoap/DattSoap-main/DattSoap-main/flutter_app/test/utils/unit_converter_test.dart: UnitConverter ΓÇö validateConversionFactor returns error for invalid number
00:33 +229 ~68 -4: D:/Flutterdattsoap/DattSoap-main/DattSoap-main/flutter_app/test/utils/unit_converter_test.dart: UnitConverter ΓÇö validateConversionFactor returns error for value <= 1
00:33 +230 ~68 -4: D:/Flutterdattsoap/DattSoap-main/DattSoap-main/flutter_app/test/utils/unit_converter_test.dart: UnitConverter ΓÇö validateConversionFactor returns null for valid factor
00:34 +231 ~68 -4: D:/Flutterdattsoap/DattSoap-main/DattSoap-main/flutter_app/test/validation/final_runtime_validation_test.dart: (setUpAll)
00:34 +231 ~68 -4: D:/Flutterdattsoap/DattSoap-main/DattSoap-main/flutter_app/test/validation/final_runtime_validation_test.dart: runtime: heavy report aggregation benchmark (before vs after proxy)
  Skip: Requires Isar native library. Run with --dart-define=RUN_DB_TESTS=true
00:34 +231 ~69 -4: D:/Flutterdattsoap/DattSoap-main/DattSoap-main/flutter_app/test/validation/final_runtime_validation_test.dart: runtime: pdf generation frame timing proxy (before vs after)
Shell: Helvetica has no Unicode support see https://github.com/DavBfr/dart_pdf/wiki/Fonts-Management
Shell: Helvetica-Bold has no Unicode support see https://github.com/DavBfr/dart_pdf/wiki/Fonts-Management
Shell: Helvetica has no Unicode support see https://github.com/DavBfr/dart_pdf/wiki/Fonts-Management
Shell: Helvetica-Bold has no Unicode support see https://github.com/DavBfr/dart_pdf/wiki/Fonts-Management
Shell: Helvetica-Bold has no Unicode support see https://github.com/DavBfr/dart_pdf/wiki/Fonts-Management
Shell: Helvetica has no Unicode support see https://github.com/DavBfr/dart_pdf/wiki/Fonts-Management
Shell: Helvetica-Bold has no Unicode support see https://github.com/DavBfr/dart_pdf/wiki/Fonts-Management
Shell: Helvetica has no Unicode support see https://github.com/DavBfr/dart_pdf/wiki/Fonts-Management
RUNTIME_METRIC_PDF: {"before_avg_frame_proxy_ms":212.8615,"before_worst_frame_proxy_ms":362.595,"after_avg_frame_proxy_ms":93.316,"after_worst_frame_proxy_ms":148.412,"samples":2}
00:34 +232 ~69 -4: D:/Flutterdattsoap/DattSoap-main/DattSoap-main/flutter_app/test/widgets/inventory/t3_opening_stock_single_warehouse_test.dart: hides warehouse selector and always saves opening stock to Main
00:35 +232 ~69 -4: D:/Flutterdattsoap/DattSoap-main/DattSoap-main/flutter_app/test/validation/final_runtime_validation_test.dart: runtime: notification outbox stress under forced publish failure
WARNING [Notification]: publishNotificationEvent deferred (Firestore unavailable), eventId=evt_avuiqv930x_1
WARNING [Notification]: publishNotificationEvent deferred (Firestore unavailable), eventId=evt_avuiqv930x_2
WARNING [Notification]: publishNotificationEvent deferred (Firestore unavailable), eventId=evt_avuiqv930x_3
WARNING [Notification]: publishNotificationEvent deferred (Firestore unavailable), eventId=evt_avuiqv930x_4
WARNING [Notification]: publishNotificationEvent deferred (Firestore unavailable), eventId=evt_avuiqv930x_5
WARNING [Notification]: publishNotificationEvent deferred (Firestore unavailable), eventId=evt_avuiqv930x_6
WARNING [Notification]: publishNotificationEvent deferred (Firestore unavailable), eventId=evt_avuiqv930x_7
WARNING [Notification]: publishNotificationEvent deferred (Firestore unavailable), eventId=evt_avuiqv930x_8
WARNING [Notification]: publishNotificationEvent deferred (Firestore unavailable), eventId=evt_avuiqv930x_9
WARNING [Notification]: publishNotificationEvent deferred (Firestore unavailable), eventId=evt_avuiqv930x_10
WARNING [Notification]: publishNotificationEvent deferred (Firestore unavailable), eventId=evt_avuiqv930x_11
WARNING [Notification]: publishNotificationEvent deferred (Firestore unavailable), eventId=evt_avuiqv930x_12
WARNING [Notification]: publishNotificationEvent deferred (Firestore unavailable), eventId=evt_avuiqv930x_13
WARNING [Notification]: publishNotificationEvent deferred (Firestore unavailable), eventId=evt_avuiqv930x_14
WARNING [Notification]: publishNotificationEvent deferred (Firestore unavailable), eventId=evt_avuiqv930x_15
WARNING [Notification]: publishNotificationEvent deferred (Firestore unavailable), eventId=evt_avuiqv930x_16
WARNING [Notification]: publishNotificationEvent deferred (Firestore unavailable), eventId=evt_avuiqv930x_17
WARNING [Notification]: publishNotificationEvent deferred (Firestore unavailable), eventId=evt_avuiqv930x_18
WARNING [Notification]: publishNotificationEvent deferred (Firestore unavailable), eventId=evt_avuiqv930x_19
WARNING [Notification]: publishNotificationEvent deferred (Firestore unavailable), eventId=evt_avuiqv930x_20
WARNING [Notification]: publishNotificationEvent deferred (Firestore unavailable), eventId=evt_avuiqv930x_21
WARNING [Notification]: publishNotificationEvent deferred (Firestore unavailable), eventId=evt_avuiqv930x_22
WARNING [Notification]: publishNotificationEvent deferred (Firestore unavailable), eventId=evt_avuiqv930x_23
WARNING [Notification]: publishNotificationEvent deferred (Firestore unavailable), eventId=evt_avuiqv930x_24
WARNING [Notification]: publishNotificationEvent deferred (Firestore unavailable), eventId=evt_avuiqv930x_25
WARNING [Notification]: publishNotificationEvent deferred (Firestore unavailable), eventId=evt_avuiqv930x_26
WARNING [Notification]: publishNotificationEvent deferred (Firestore unavailable), eventId=evt_avuiqv930x_27
WARNING [Notification]: publishNotificationEvent deferred (Firestore unavailable), eventId=evt_avuiqv930x_28
WARNING [Notification]: publishNotificationEvent deferred (Firestore unavailable), eventId=evt_avuiqv930x_29
WARNING [Notification]: publishNotificationEvent deferred (Firestore unavailable), eventId=evt_avuiqv930x_30
WARNING [Notification]: publishNotificationEvent deferred (Firestore unavailable), eventId=evt_avuiqv930x_31
WARNING [Notification]: publishNotificationEvent deferred (Firestore unavailable), eventId=evt_avuiqv930x_32
WARNING [Notification]: publishNotificationEvent deferred (Firestore unavailable), eventId=evt_avuiqv930x_33
WARNING [Notification]: publishNotificationEvent deferred (Firestore unavailable), eventId=evt_avuiqv930x_34
WARNING [Notification]: publishNotificationEvent deferred (Firestore unavailable), eventId=evt_avuiqv930x_35
WARNING [Notification]: publishNotificationEvent deferred (Firestore unavailable), eventId=evt_avuiqv930x_36
WARNING [Notification]: publishNotificationEvent deferred (Firestore unavailable), eventId=evt_avuiqv930x_37
WARNING [Notification]: publishNotificationEvent deferred (Firestore unavailable), eventId=evt_avuiqv930x_38
WARNING [Notification]: publishNotificationEvent deferred (Firestore unavailable), eventId=evt_avuiqv930x_39
WARNING [Notification]: publishNotificationEvent deferred (Firestore unavailable), eventId=evt_avuiqv930x_40
WARNING [Notification]: publishNotificationEvent deferred (Firestore unavailable), eventId=evt_avuiqv930x_41
WARNING [Notification]: publishNotificationEvent deferred (Firestore unavailable), eventId=evt_avuiqv930x_42
WARNING [Notification]: publishNotificationEvent deferred (Firestore unavailable), eventId=evt_avuiqv930x_43
WARNING [Notification]: publishNotificationEvent deferred (Firestore unavailable), eventId=evt_avuiqv930x_44
WARNING [Notification]: publishNotificationEvent deferred (Firestore unavailable), eventId=evt_avuiqv930x_45
WARNING [Notification]: publishNotificationEvent deferred (Firestore unavailable), eventId=evt_avuiqv930x_46
WARNING [Notification]: publishNotificationEvent deferred (Firestore unavailable), eventId=evt_avuiqv930x_47
WARNING [Notification]: publishNotificationEvent deferred (Firestore unavailable), eventId=evt_avuiqv930x_48
WARNING [Notification]: publishNotificationEvent deferred (Firestore unavailable), eventId=evt_avuiqv930x_49
WARNING [Notification]: publishNotificationEvent deferred (Firestore unavailable), eventId=evt_avuiqv930x_50
WARNING [Notification]: publishNotificationEvent deferred (Firestore unavailable), eventId=evt_avuiqv930x_51
WARNING [Notification]: publishNotificationEvent deferred (Firestore unavailable), eventId=evt_avuiqv930x_52
WARNING [Notification]: publishNotificationEvent deferred (Firestore unavailable), eventId=evt_avuiqv930x_53
WARNING [Notification]: publishNotificationEvent deferred (Firestore unavailable), eventId=evt_avuiqv930x_54
WARNING [Notification]: publishNotificationEvent deferred (Firestore unavailable), eventId=evt_avuiqv930x_55
WARNING [Notification]: publishNotificationEvent deferred (Firestore unavailable), eventId=evt_avuiqv930x_56
WARNING [Notification]: publishNotificationEvent deferred (Firestore unavailable), eventId=evt_avuiqv930x_57
WARNING [Notification]: publishNotificationEvent deferred (Firestore unavailable), eventId=evt_avuiqv930x_58
WARNING [Notification]: publishNotificationEvent deferred (Firestore unavailable), eventId=evt_avuiqv930x_59
WARNING [Notification]: publishNotificationEvent deferred (Firestore unavailable), eventId=evt_avuiqv930x_60
WARNING [Notification]: publishNotificationEvent deferred (Firestore unavailable), eventId=evt_avuiqv930x_61
WARNING [Notification]: publishNotificationEvent deferred (Firestore unavailable), eventId=evt_avuiqv930x_62
WARNING [Notification]: publishNotificationEvent deferred (Firestore unavailable), eventId=evt_avuiqv930x_63
WARNING [Notification]: publishNotificationEvent deferred (Firestore unavailable), eventId=evt_avuiqv930x_64
WARNING [Notification]: publishNotificationEvent deferred (Firestore unavailable), eventId=evt_avuiqv930x_65
WARNING [Notification]: publishNotificationEvent deferred (Firestore unavailable), eventId=evt_avuiqv930x_66
WARNING [Notification]: publishNotificationEvent deferred (Firestore unavailable), eventId=evt_avuiqv930x_67
WARNING [Notification]: publishNotificationEvent deferred (Firestore unavailable), eventId=evt_avuiqv930x_68
WARNING [Notification]: publishNotificationEvent deferred (Firestore unavailable), eventId=evt_avuiqv930x_69
WARNING [Notification]: publishNotificationEvent deferred (Firestore unavailable), eventId=evt_avuiqv930x_70
WARNING [Notification]: publishNotificationEvent deferred (Firestore unavailable), eventId=evt_avuiqv930x_71
WARNING [Notification]: publishNotificationEvent deferred (Firestore unavailable), eventId=evt_avuiqv930x_72
WARNING [Notification]: publishNotificationEvent deferred (Firestore unavailable), eventId=evt_avuiqv930x_73
WARNING [Notification]: publishNotificationEvent deferred (Firestore unavailable), eventId=evt_avuiqv930x_74
WARNING [Notification]: publishNotificationEvent deferred (Firestore unavailable), eventId=evt_avuiqv930x_75
WARNING [Notification]: publishNotificationEvent deferred (Firestore unavailable), eventId=evt_avuiqv930x_76
WARNING [Notification]: publishNotificationEvent deferred (Firestore unavailable), eventId=evt_avuiqv930x_77
WARNING [Notification]: publishNotificationEvent deferred (Firestore unavailable), eventId=evt_avuiqv930x_78
WARNING [Notification]: publishNotificationEvent deferred (Firestore unavailable), eventId=evt_avuiqv930x_79
WARNING [Notification]: publishNotificationEvent deferred (Firestore unavailable), eventId=evt_avuiqv930x_80
WARNING [Notification]: publishNotificationEvent deferred (Firestore unavailable), eventId=evt_avuiqv930x_81
WARNING [Notification]: publishNotificationEvent deferred (Firestore unavailable), eventId=evt_avuiqv930x_82
WARNING [Notification]: publishNotificationEvent deferred (Firestore unavailable), eventId=evt_avuiqv930x_83
WARNING [Notification]: publishNotificationEvent deferred (Firestore unavailable), eventId=evt_avuiqv930x_84
WARNING [Notification]: publishNotificationEvent deferred (Firestore unavailable), eventId=evt_avuiqv930x_85
WARNING [Notification]: publishNotificationEvent deferred (Firestore unavailable), eventId=evt_avuiqv930x_86
WARNING [Notification]: publishNotificationEvent deferred (Firestore unavailable), eventId=evt_avuiqv930x_87
WARNING [Notification]: publishNotificationEvent deferred (Firestore unavailable), eventId=evt_avuiqv930x_88
WARNING [Notification]: publishNotificationEvent deferred (Firestore unavailable), eventId=evt_avuiqv930x_89
WARNING [Notification]: publishNotificationEvent deferred (Firestore unavailable), eventId=evt_avuiqv930x_90
WARNING [Notification]: publishNotificationEvent deferred (Firestore unavailable), eventId=evt_avuiqv930x_91
WARNING [Notification]: publishNotificationEvent deferred (Firestore unavailable), eventId=evt_avuiqv930x_92
WARNING [Notification]: publishNotificationEvent deferred (Firestore unavailable), eventId=evt_avuiqv930x_93
WARNING [Notification]: publishNotificationEvent deferred (Firestore unavailable), eventId=evt_avuiqv930x_94
WARNING [Notification]: publishNotificationEvent deferred (Firestore unavailable), eventId=evt_avuiqv930x_95
WARNING [Notification]: publishNotificationEvent deferred (Firestore unavailable), eventId=evt_avuiqv930x_96
WARNING [Notification]: publishNotificationEvent deferred (Firestore unavailable), eventId=evt_avuiqv930x_97
WARNING [Notification]: publishNotificationEvent deferred (Firestore unavailable), eventId=evt_avuiqv930x_98
WARNING [Notification]: publishNotificationEvent deferred (Firestore unavailable), eventId=evt_avuiqv930x_99
WARNING [Notification]: publishNotificationEvent deferred (Firestore unavailable), eventId=evt_avuiqv930x_100
WARNING [Notification]: publishNotificationEvent deferred (Firestore unavailable), eventId=evt_avuiqv930x_101
WARNING [Notification]: publishNotificationEvent deferred (Firestore unavailable), eventId=evt_avuiqv930x_102
WARNING [Notification]: publishNotificationEvent deferred (Firestore unavailable), eventId=evt_avuiqv930x_103
WARNING [Notification]: publishNotificationEvent deferred (Firestore unavailable), eventId=evt_avuiqv930x_104
WARNING [Notification]: publishNotificationEvent deferred (Firestore unavailable), eventId=evt_avuiqv930x_105
WARNING [Notification]: publishNotificationEvent deferred (Firestore unavailable), eventId=evt_avuiqv930x_106
WARNING [Notification]: publishNotificationEvent deferred (Firestore unavailable), eventId=evt_avuiqv930x_107
WARNING [Notification]: publishNotificationEvent deferred (Firestore unavailable), eventId=evt_avuiqv930x_108
WARNING [Notification]: publishNotificationEvent deferred (Firestore unavailable), eventId=evt_avuiqv930x_109
WARNING [Notification]: publishNotificationEvent deferred (Firestore unavailable), eventId=evt_avuiqv930x_110
WARNING [Notification]: publishNotificationEvent deferred (Firestore unavailable), eventId=evt_avuiqv930x_111
WARNING [Notification]: publishNotificationEvent deferred (Firestore unavailable), eventId=evt_avuiqv930x_112
WARNING [Notification]: publishNotificationEvent deferred (Firestore unavailable), eventId=evt_avuiqv930x_113
WARNING [Notification]: publishNotificationEvent deferred (Firestore unavailable), eventId=evt_avuiqv930x_114
WARNING [Notification]: publishNotificationEvent deferred (Firestore unavailable), eventId=evt_avuiqv930x_115
WARNING [Notification]: publishNotificationEvent deferred (Firestore unavailable), eventId=evt_avuiqv930x_116
WARNING [Notification]: publishNotificationEvent deferred (Firestore unavailable), eventId=evt_avuiqv930x_117
WARNING [Notification]: publishNotificationEvent deferred (Firestore unavailable), eventId=evt_avuiqv930x_118
WARNING [Notification]: publishNotificationEvent deferred (Firestore unavailable), eventId=evt_avuiqv930x_119
WARNING [Notification]: publishNotificationEvent deferred (Firestore unavailable), eventId=evt_avuiqv930x_120
RUNTIME_METRIC_NOTIFICATION_OUTBOX: {"events_enqueued":120,"elapsed_ms":389,"unique_ids":120,"duplicate_ids":0}
00:35 +233 ~69 -4: D:/Flutterdattsoap/DattSoap-main/DattSoap-main/flutter_app/test/widgets/inventory/t3_opening_stock_single_warehouse_test.dart: hides warehouse selector and always saves opening stock to Main
00:35 +233 ~69 -4: D:/Flutterdattsoap/DattSoap-main/DattSoap-main/flutter_app/test/validation/final_runtime_validation_test.dart: runtime: whatsapp replay-safe recovery (ack survives crash window)
INFO [WhatsAppPipeline]: WhatsApp invoice job queued saleId=wa_replay_test invoice=INV-wa_replay_test
RUNTIME_METRIC_WHATSAPP_REPLAY: {"job_id":"wa_invoice_wa_replay_test","status_after_recovery":"success","attempt_after_recovery":0}
00:35 +234 ~69 -4: D:/Flutterdattsoap/DattSoap-main/DattSoap-main/flutter_app/test/widgets/inventory/t3_opening_stock_single_warehouse_test.dart: hides warehouse selector and always saves opening stock to Main
00:35 +234 ~69 -4: D:/Flutterdattsoap/DattSoap-main/DattSoap-main/flutter_app/test/validation/final_runtime_validation_test.dart: runtime: concurrent stock mutation stress keeps math exact
  Skip: Requires Isar native library. Run with --dart-define=RUN_DB_TESTS=true
00:35 +234 ~70 -4: D:/Flutterdattsoap/DattSoap-main/DattSoap-main/flutter_app/test/widgets/inventory/t3_opening_stock_single_warehouse_test.dart: hides warehouse selector and always saves opening stock to Main
00:35 +234 ~70 -4: D:/Flutterdattsoap/DattSoap-main/DattSoap-main/flutter_app/test/validation/final_runtime_validation_test.dart: runtime: offline replay dedup under load keeps single latest queue intent
  Skip: Requires Isar native library. Run with --dart-define=RUN_DB_TESTS=true
00:35 +234 ~71 -4: D:/Flutterdattsoap/DattSoap-main/DattSoap-main/flutter_app/test/widgets/inventory/t3_opening_stock_single_warehouse_test.dart: hides warehouse selector and always saves opening stock to Main
00:36 +235 ~71 -4: D:/Flutterdattsoap/DattSoap-main/DattSoap-main/flutter_app/test/widgets/inventory/t4_opening_stock_update_confirmation_test.dart: shows overwrite confirmation and cancels update when user aborts
00:37 +236 ~71 -4: D:/Flutterdattsoap/DattSoap-main/DattSoap-main/flutter_app/test/widgets/reports/report_export_actions_mobile_menu_test.dart: mobile view shows overflow menu with refresh/pdf/print
00:38 +237 ~71 -4: D:/Flutterdattsoap/DattSoap-main/DattSoap-main/flutter_app/test/widgets/reports/report_export_actions_mobile_menu_test.dart: mobile view shows overflow menu with refresh/pdf/print
00:38 +238 ~71 -4: D:/Flutterdattsoap/DattSoap-main/DattSoap-main/flutter_app/test/widgets/ui/master_screen_header_mobile_back_test.dart: shows auto back arrow on mobile non-dashboard headers
00:38 +239 ~71 -4: D:/Flutterdattsoap/DattSoap-main/DattSoap-main/flutter_app/test/widgets/ui/master_screen_header_mobile_back_test.dart: shows auto back arrow on mobile non-dashboard headers
00:38 +240 ~71 -4: D:/Flutterdattsoap/DattSoap-main/DattSoap-main/flutter_app/test/widgets/ui/master_screen_header_mobile_back_test.dart: hides auto back arrow on dashboard headers
00:39 +241 ~71 -4: D:/Flutterdattsoap/DattSoap-main/DattSoap-main/flutter_app/test/widgets/ui/master_screen_header_mobile_back_test.dart: applies compact professional header typography on mobile
00:39 +242 ~71 -4: D:/Flutterdattsoap/DattSoap-main/DattSoap-main/flutter_app/test/widgets/ui/master_screen_header_mobile_back_test.dart: keeps larger header title style on desktop width
00:39 +243 ~71 -4: D:/Flutterdattsoap/DattSoap-main/DattSoap-main/flutter_app/test/widget_test.dart: App basic smoke test
00:40 +244 ~71 -4: Some tests failed.
